Archive member included because of file (symbol)

d:/kinetics design studio/toolchain/bin/../lib/gcc/arm-none-eabi/4.8.4/armv7e-m\libgcc.a(_arm_addsubsf3.o)
                              ./Generated_Code/PwmLdd1.o (__aeabi_i2f)
d:/kinetics design studio/toolchain/bin/../lib/gcc/arm-none-eabi/4.8.4/armv7e-m\libgcc.a(_arm_muldivsf3.o)
                              ./Generated_Code/PwmLdd1.o (__aeabi_fmul)
d:/kinetics design studio/toolchain/bin/../lib/gcc/arm-none-eabi/4.8.4/armv7e-m\libgcc.a(_arm_cmpsf2.o)
                              ./Generated_Code/PwmLdd1.o (__aeabi_fcmpgt)
d:/kinetics design studio/toolchain/bin/../lib/gcc/arm-none-eabi/4.8.4/armv7e-m\libgcc.a(_arm_fixunssfsi.o)
                              ./Generated_Code/PwmLdd1.o (__aeabi_f2uiz)
d:/kinetics design studio/toolchain/bin/../lib/gcc/arm-none-eabi/4.8.4/../../../../arm-none-eabi/lib/armv7e-m\libg_s.a(lib_a-exit.o)
                              d:/kinetics design studio/toolchain/bin/../lib/gcc/arm-none-eabi/4.8.4/../../../../arm-none-eabi/lib/armv7e-m/crt0.o (exit)
d:/kinetics design studio/toolchain/bin/../lib/gcc/arm-none-eabi/4.8.4/../../../../arm-none-eabi/lib/armv7e-m\libg_s.a(lib_a-impure.o)
                              d:/kinetics design studio/toolchain/bin/../lib/gcc/arm-none-eabi/4.8.4/../../../../arm-none-eabi/lib/armv7e-m\libg_s.a(lib_a-exit.o) (_global_impure_ptr)
d:/kinetics design studio/toolchain/bin/../lib/gcc/arm-none-eabi/4.8.4/../../../../arm-none-eabi/lib/armv7e-m\libg_s.a(lib_a-init.o)
                              d:/kinetics design studio/toolchain/bin/../lib/gcc/arm-none-eabi/4.8.4/../../../../arm-none-eabi/lib/armv7e-m/crt0.o (__libc_init_array)
d:/kinetics design studio/toolchain/bin/../lib/gcc/arm-none-eabi/4.8.4/../../../../arm-none-eabi/lib/armv7e-m\libg_s.a(lib_a-memset.o)
                              d:/kinetics design studio/toolchain/bin/../lib/gcc/arm-none-eabi/4.8.4/../../../../arm-none-eabi/lib/armv7e-m/crt0.o (memset)
d:/kinetics design studio/toolchain/bin/../lib/gcc/arm-none-eabi/4.8.4/../../../../arm-none-eabi/lib/armv7e-m\libg_s.a(lib_a-strlen.o)
                              ./Sources/main.o (strlen)
d:/kinetics design studio/toolchain/bin/../lib/gcc/arm-none-eabi/4.8.4/../../../../arm-none-eabi/lib/armv7e-m\libnosys.a(_exit.o)
                              d:/kinetics design studio/toolchain/bin/../lib/gcc/arm-none-eabi/4.8.4/../../../../arm-none-eabi/lib/armv7e-m\libg_s.a(lib_a-exit.o) (_exit)

Allocating common symbols
Common symbol       size              file

ASerialLdd1_DeviceDataPtr
                    0x4               ./Generated_Code/AS1.o
SR_reg              0x1               ./Generated_Code/Cpu.o

Discarded input sections

 .text          0x00000000        0x0 d:/kinetics design studio/toolchain/bin/../lib/gcc/arm-none-eabi/4.8.4/armv7e-m/crti.o
 .data          0x00000000        0x0 d:/kinetics design studio/toolchain/bin/../lib/gcc/arm-none-eabi/4.8.4/armv7e-m/crti.o
 .bss           0x00000000        0x0 d:/kinetics design studio/toolchain/bin/../lib/gcc/arm-none-eabi/4.8.4/armv7e-m/crti.o
 .data          0x00000000        0x4 d:/kinetics design studio/toolchain/bin/../lib/gcc/arm-none-eabi/4.8.4/armv7e-m/crtbegin.o
 .data          0x00000000        0x0 d:/kinetics design studio/toolchain/bin/../lib/gcc/arm-none-eabi/4.8.4/../../../../arm-none-eabi/lib/armv7e-m/crt0.o
 .bss           0x00000000        0x0 d:/kinetics design studio/toolchain/bin/../lib/gcc/arm-none-eabi/4.8.4/../../../../arm-none-eabi/lib/armv7e-m/crt0.o
 .ARM.extab     0x00000000        0x0 d:/kinetics design studio/toolchain/bin/../lib/gcc/arm-none-eabi/4.8.4/../../../../arm-none-eabi/lib/armv7e-m/crt0.o
 .group         0x00000000        0x8 ./Sources/Events.o
 .group         0x00000000        0x8 ./Sources/Events.o
 .group         0x00000000        0x8 ./Sources/Events.o
 .group         0x00000000        0x8 ./Sources/Events.o
 .group         0x00000000        0x8 ./Sources/Events.o
 .group         0x00000000        0x8 ./Sources/Events.o
 .group         0x00000000        0x8 ./Sources/Events.o
 .group         0x00000000        0x8 ./Sources/Events.o
 .group         0x00000000        0x8 ./Sources/Events.o
 .group         0x00000000        0x8 ./Sources/Events.o
 .group         0x00000000        0x8 ./Sources/Events.o
 .group         0x00000000        0x8 ./Sources/Events.o
 .group         0x00000000        0x8 ./Sources/Events.o
 .group         0x00000000        0x8 ./Sources/Events.o
 .group         0x00000000        0x8 ./Sources/Events.o
 .group         0x00000000        0x8 ./Sources/Events.o
 .group         0x00000000        0x8 ./Sources/Events.o
 .group         0x00000000        0x8 ./Sources/Events.o
 .group         0x00000000        0x8 ./Sources/Events.o
 .group         0x00000000        0x8 ./Sources/Events.o
 .group         0x00000000        0x8 ./Sources/Events.o
 .group         0x00000000        0x8 ./Sources/Events.o
 .text          0x00000000        0x0 ./Sources/Events.o
 .data          0x00000000        0x0 ./Sources/Events.o
 .bss           0x00000000        0x0 ./Sources/Events.o
 .group         0x00000000        0x8 ./Sources/main.o
 .group         0x00000000        0x8 ./Sources/main.o
 .group         0x00000000        0x8 ./Sources/main.o
 .group         0x00000000        0x8 ./Sources/main.o
 .group         0x00000000        0x8 ./Sources/main.o
 .group         0x00000000        0x8 ./Sources/main.o
 .group         0x00000000        0x8 ./Sources/main.o
 .group         0x00000000        0x8 ./Sources/main.o
 .group         0x00000000        0x8 ./Sources/main.o
 .group         0x00000000        0x8 ./Sources/main.o
 .group         0x00000000        0x8 ./Sources/main.o
 .group         0x00000000        0x8 ./Sources/main.o
 .group         0x00000000        0x8 ./Sources/main.o
 .group         0x00000000        0x8 ./Sources/main.o
 .group         0x00000000        0x8 ./Sources/main.o
 .group         0x00000000        0x8 ./Sources/main.o
 .group         0x00000000        0x8 ./Sources/main.o
 .group         0x00000000        0x8 ./Sources/main.o
 .group         0x00000000        0x8 ./Sources/main.o
 .group         0x00000000        0x8 ./Sources/main.o
 .group         0x00000000        0x8 ./Sources/main.o
 .group         0x00000000        0x8 ./Sources/main.o
 .text          0x00000000        0x0 ./Sources/main.o
 .data          0x00000000        0x0 ./Sources/main.o
 .bss           0x00000000        0x0 ./Sources/main.o
 .debug_macro   0x00000000      0x84a ./Sources/main.o
 .debug_macro   0x00000000       0x16 ./Sources/main.o
 .debug_macro   0x00000000       0x44 ./Sources/main.o
 .debug_macro   0x00000000      0x209 ./Sources/main.o
 .debug_macro   0x00000000     0x1680 ./Sources/main.o
 .debug_macro   0x00000000      0x14e ./Sources/main.o
 .debug_macro   0x00000000       0x6a ./Sources/main.o
 .debug_macro   0x00000000     0x9b9f ./Sources/main.o
 .debug_macro   0x00000000       0x94 ./Sources/main.o
 .debug_macro   0x00000000       0x94 ./Sources/main.o
 .debug_macro   0x00000000      0x12c ./Sources/main.o
 .debug_macro   0x00000000       0x2e ./Sources/main.o
 .debug_macro   0x00000000       0x4c ./Sources/main.o
 .debug_macro   0x00000000       0x26 ./Sources/main.o
 .debug_macro   0x00000000       0x65 ./Sources/main.o
 .debug_macro   0x00000000       0x11 ./Sources/main.o
 .debug_macro   0x00000000      0x6a6 ./Sources/main.o
 .debug_macro   0x00000000       0x7b ./Sources/main.o
 .debug_macro   0x00000000       0x3f ./Sources/main.o
 .debug_macro   0x00000000       0x2c ./Sources/main.o
 .debug_macro   0x00000000       0x45 ./Sources/main.o
 .debug_macro   0x00000000       0x2c ./Sources/main.o
 .group         0x00000000        0x8 ./Project_Settings/Startup_Code/startup.o
 .group         0x00000000        0x8 ./Project_Settings/Startup_Code/startup.o
 .group         0x00000000        0x8 ./Project_Settings/Startup_Code/startup.o
 .group         0x00000000        0x8 ./Project_Settings/Startup_Code/startup.o
 .group         0x00000000        0x8 ./Project_Settings/Startup_Code/startup.o
 .group         0x00000000        0x8 ./Project_Settings/Startup_Code/startup.o
 .group         0x00000000        0x8 ./Project_Settings/Startup_Code/startup.o
 .group         0x00000000        0x8 ./Project_Settings/Startup_Code/startup.o
 .group         0x00000000        0x8 ./Project_Settings/Startup_Code/startup.o
 .group         0x00000000        0x8 ./Project_Settings/Startup_Code/startup.o
 .group         0x00000000        0x8 ./Project_Settings/Startup_Code/startup.o
 .group         0x00000000        0x8 ./Project_Settings/Startup_Code/startup.o
 .group         0x00000000        0x8 ./Project_Settings/Startup_Code/startup.o
 .group         0x00000000        0x8 ./Project_Settings/Startup_Code/startup.o
 .group         0x00000000        0x8 ./Project_Settings/Startup_Code/startup.o
 .group         0x00000000        0x8 ./Project_Settings/Startup_Code/startup.o
 .group         0x00000000        0x8 ./Project_Settings/Startup_Code/startup.o
 .group         0x00000000        0x8 ./Project_Settings/Startup_Code/startup.o
 .group         0x00000000        0x8 ./Project_Settings/Startup_Code/startup.o
 .text          0x00000000        0x0 ./Project_Settings/Startup_Code/startup.o
 .data          0x00000000        0x0 ./Project_Settings/Startup_Code/startup.o
 .bss           0x00000000        0x0 ./Project_Settings/Startup_Code/startup.o
 .text.__init_hardware
                0x00000000        0xc ./Project_Settings/Startup_Code/startup.o
 .text.__iar_program_start
                0x00000000        0xc ./Project_Settings/Startup_Code/startup.o
 .debug_macro   0x00000000      0x84a ./Project_Settings/Startup_Code/startup.o
 .debug_macro   0x00000000       0x16 ./Project_Settings/Startup_Code/startup.o
 .group         0x00000000        0x8 ./Generated_Code/AS1.o
 .group         0x00000000        0x8 ./Generated_Code/AS1.o
 .group         0x00000000        0x8 ./Generated_Code/AS1.o
 .group         0x00000000        0x8 ./Generated_Code/AS1.o
 .group         0x00000000        0x8 ./Generated_Code/AS1.o
 .group         0x00000000        0x8 ./Generated_Code/AS1.o
 .group         0x00000000        0x8 ./Generated_Code/AS1.o
 .group         0x00000000        0x8 ./Generated_Code/AS1.o
 .group         0x00000000        0x8 ./Generated_Code/AS1.o
 .group         0x00000000        0x8 ./Generated_Code/AS1.o
 .group         0x00000000        0x8 ./Generated_Code/AS1.o
 .text          0x00000000        0x0 ./Generated_Code/AS1.o
 .data          0x00000000        0x0 ./Generated_Code/AS1.o
 .bss           0x00000000        0x0 ./Generated_Code/AS1.o
 .text.AS1_GetCharsInRxBuf
                0x00000000       0x24 ./Generated_Code/AS1.o
 .text.AS1_GetCharsInTxBuf
                0x00000000       0x2c ./Generated_Code/AS1.o
 .debug_macro   0x00000000      0x84a ./Generated_Code/AS1.o
 .debug_macro   0x00000000       0x16 ./Generated_Code/AS1.o
 .debug_macro   0x00000000       0x44 ./Generated_Code/AS1.o
 .debug_macro   0x00000000      0x209 ./Generated_Code/AS1.o
 .debug_macro   0x00000000     0x1680 ./Generated_Code/AS1.o
 .debug_macro   0x00000000      0x14e ./Generated_Code/AS1.o
 .debug_macro   0x00000000       0x6a ./Generated_Code/AS1.o
 .debug_macro   0x00000000     0x9b9f ./Generated_Code/AS1.o
 .debug_macro   0x00000000       0x94 ./Generated_Code/AS1.o
 .debug_macro   0x00000000       0x11 ./Generated_Code/AS1.o
 .group         0x00000000        0x8 ./Generated_Code/ASerialLdd1.o
 .group         0x00000000        0x8 ./Generated_Code/ASerialLdd1.o
 .group         0x00000000        0x8 ./Generated_Code/ASerialLdd1.o
 .group         0x00000000        0x8 ./Generated_Code/ASerialLdd1.o
 .group         0x00000000        0x8 ./Generated_Code/ASerialLdd1.o
 .group         0x00000000        0x8 ./Generated_Code/ASerialLdd1.o
 .group         0x00000000        0x8 ./Generated_Code/ASerialLdd1.o
 .group         0x00000000        0x8 ./Generated_Code/ASerialLdd1.o
 .group         0x00000000        0x8 ./Generated_Code/ASerialLdd1.o
 .group         0x00000000        0x8 ./Generated_Code/ASerialLdd1.o
 .group         0x00000000        0x8 ./Generated_Code/ASerialLdd1.o
 .group         0x00000000        0x8 ./Generated_Code/ASerialLdd1.o
 .group         0x00000000        0x8 ./Generated_Code/ASerialLdd1.o
 .group         0x00000000        0x8 ./Generated_Code/ASerialLdd1.o
 .text          0x00000000        0x0 ./Generated_Code/ASerialLdd1.o
 .data          0x00000000        0x0 ./Generated_Code/ASerialLdd1.o
 .bss           0x00000000        0x0 ./Generated_Code/ASerialLdd1.o
 .text.ASerialLdd1_GetSentDataNum
                0x00000000       0x1c ./Generated_Code/ASerialLdd1.o
 .debug_macro   0x00000000      0x84a ./Generated_Code/ASerialLdd1.o
 .debug_macro   0x00000000       0x16 ./Generated_Code/ASerialLdd1.o
 .debug_macro   0x00000000       0x44 ./Generated_Code/ASerialLdd1.o
 .debug_macro   0x00000000      0x209 ./Generated_Code/ASerialLdd1.o
 .debug_macro   0x00000000     0x1680 ./Generated_Code/ASerialLdd1.o
 .debug_macro   0x00000000      0x14e ./Generated_Code/ASerialLdd1.o
 .debug_macro   0x00000000       0x6a ./Generated_Code/ASerialLdd1.o
 .debug_macro   0x00000000     0x9b9f ./Generated_Code/ASerialLdd1.o
 .debug_macro   0x00000000       0x94 ./Generated_Code/ASerialLdd1.o
 .debug_macro   0x00000000       0x5f ./Generated_Code/ASerialLdd1.o
 .debug_macro   0x00000000       0x94 ./Generated_Code/ASerialLdd1.o
 .group         0x00000000        0x8 ./Generated_Code/BLUE_LED.o
 .group         0x00000000        0x8 ./Generated_Code/BLUE_LED.o
 .group         0x00000000        0x8 ./Generated_Code/BLUE_LED.o
 .group         0x00000000        0x8 ./Generated_Code/BLUE_LED.o
 .group         0x00000000        0x8 ./Generated_Code/BLUE_LED.o
 .group         0x00000000        0x8 ./Generated_Code/BLUE_LED.o
 .group         0x00000000        0x8 ./Generated_Code/BLUE_LED.o
 .group         0x00000000        0x8 ./Generated_Code/BLUE_LED.o
 .group         0x00000000        0x8 ./Generated_Code/BLUE_LED.o
 .group         0x00000000        0x8 ./Generated_Code/BLUE_LED.o
 .group         0x00000000        0x8 ./Generated_Code/BLUE_LED.o
 .group         0x00000000        0x8 ./Generated_Code/BLUE_LED.o
 .group         0x00000000        0x8 ./Generated_Code/BLUE_LED.o
 .text          0x00000000        0x0 ./Generated_Code/BLUE_LED.o
 .data          0x00000000        0x0 ./Generated_Code/BLUE_LED.o
 .bss           0x00000000        0x0 ./Generated_Code/BLUE_LED.o
 .debug_info    0x00000000       0x7d ./Generated_Code/BLUE_LED.o
 .debug_abbrev  0x00000000       0x29 ./Generated_Code/BLUE_LED.o
 .debug_aranges
                0x00000000       0x18 ./Generated_Code/BLUE_LED.o
 .debug_macro   0x00000000       0xb5 ./Generated_Code/BLUE_LED.o
 .debug_macro   0x00000000      0x84a ./Generated_Code/BLUE_LED.o
 .debug_macro   0x00000000       0x16 ./Generated_Code/BLUE_LED.o
 .debug_macro   0x00000000       0x44 ./Generated_Code/BLUE_LED.o
 .debug_macro   0x00000000      0x209 ./Generated_Code/BLUE_LED.o
 .debug_macro   0x00000000     0x1680 ./Generated_Code/BLUE_LED.o
 .debug_macro   0x00000000      0x14e ./Generated_Code/BLUE_LED.o
 .debug_macro   0x00000000       0x6a ./Generated_Code/BLUE_LED.o
 .debug_macro   0x00000000     0x9b9f ./Generated_Code/BLUE_LED.o
 .debug_macro   0x00000000       0x94 ./Generated_Code/BLUE_LED.o
 .debug_macro   0x00000000      0x12c ./Generated_Code/BLUE_LED.o
 .debug_macro   0x00000000       0x9a ./Generated_Code/BLUE_LED.o
 .debug_macro   0x00000000       0x46 ./Generated_Code/BLUE_LED.o
 .debug_macro   0x00000000       0x26 ./Generated_Code/BLUE_LED.o
 .debug_line    0x00000000      0x2c1 ./Generated_Code/BLUE_LED.o
 .debug_str     0x00000000    0x3fe0e ./Generated_Code/BLUE_LED.o
 .comment       0x00000000       0x71 ./Generated_Code/BLUE_LED.o
 .ARM.attributes
                0x00000000       0x33 ./Generated_Code/BLUE_LED.o
 .group         0x00000000        0x8 ./Generated_Code/BitIoLdd1.o
 .group         0x00000000        0x8 ./Generated_Code/BitIoLdd1.o
 .group         0x00000000        0x8 ./Generated_Code/BitIoLdd1.o
 .group         0x00000000        0x8 ./Generated_Code/BitIoLdd1.o
 .group         0x00000000        0x8 ./Generated_Code/BitIoLdd1.o
 .group         0x00000000        0x8 ./Generated_Code/BitIoLdd1.o
 .group         0x00000000        0x8 ./Generated_Code/BitIoLdd1.o
 .group         0x00000000        0x8 ./Generated_Code/BitIoLdd1.o
 .group         0x00000000        0x8 ./Generated_Code/BitIoLdd1.o
 .group         0x00000000        0x8 ./Generated_Code/BitIoLdd1.o
 .group         0x00000000        0x8 ./Generated_Code/BitIoLdd1.o
 .group         0x00000000        0x8 ./Generated_Code/BitIoLdd1.o
 .text          0x00000000        0x0 ./Generated_Code/BitIoLdd1.o
 .data          0x00000000        0x0 ./Generated_Code/BitIoLdd1.o
 .bss           0x00000000        0x0 ./Generated_Code/BitIoLdd1.o
 .text.BitIoLdd1_GetVal
                0x00000000       0x30 ./Generated_Code/BitIoLdd1.o
 .debug_macro   0x00000000      0x84a ./Generated_Code/BitIoLdd1.o
 .debug_macro   0x00000000       0x16 ./Generated_Code/BitIoLdd1.o
 .debug_macro   0x00000000       0x44 ./Generated_Code/BitIoLdd1.o
 .debug_macro   0x00000000      0x209 ./Generated_Code/BitIoLdd1.o
 .debug_macro   0x00000000     0x1680 ./Generated_Code/BitIoLdd1.o
 .debug_macro   0x00000000      0x14e ./Generated_Code/BitIoLdd1.o
 .debug_macro   0x00000000       0x6a ./Generated_Code/BitIoLdd1.o
 .debug_macro   0x00000000     0x9b9f ./Generated_Code/BitIoLdd1.o
 .debug_macro   0x00000000       0x94 ./Generated_Code/BitIoLdd1.o
 .debug_macro   0x00000000      0x12c ./Generated_Code/BitIoLdd1.o
 .debug_macro   0x00000000       0x9a ./Generated_Code/BitIoLdd1.o
 .debug_macro   0x00000000       0x2e ./Generated_Code/BitIoLdd1.o
 .group         0x00000000        0x8 ./Generated_Code/BitIoLdd2.o
 .group         0x00000000        0x8 ./Generated_Code/BitIoLdd2.o
 .group         0x00000000        0x8 ./Generated_Code/BitIoLdd2.o
 .group         0x00000000        0x8 ./Generated_Code/BitIoLdd2.o
 .group         0x00000000        0x8 ./Generated_Code/BitIoLdd2.o
 .group         0x00000000        0x8 ./Generated_Code/BitIoLdd2.o
 .group         0x00000000        0x8 ./Generated_Code/BitIoLdd2.o
 .group         0x00000000        0x8 ./Generated_Code/BitIoLdd2.o
 .group         0x00000000        0x8 ./Generated_Code/BitIoLdd2.o
 .group         0x00000000        0x8 ./Generated_Code/BitIoLdd2.o
 .group         0x00000000        0x8 ./Generated_Code/BitIoLdd2.o
 .group         0x00000000        0x8 ./Generated_Code/BitIoLdd2.o
 .text          0x00000000        0x0 ./Generated_Code/BitIoLdd2.o
 .data          0x00000000        0x0 ./Generated_Code/BitIoLdd2.o
 .bss           0x00000000        0x0 ./Generated_Code/BitIoLdd2.o
 .text.BitIoLdd2_GetVal
                0x00000000       0x30 ./Generated_Code/BitIoLdd2.o
 .text.BitIoLdd2_PutVal
                0x00000000       0x30 ./Generated_Code/BitIoLdd2.o
 .text.BitIoLdd2_ClrVal
                0x00000000       0x1c ./Generated_Code/BitIoLdd2.o
 .text.BitIoLdd2_SetVal
                0x00000000       0x1c ./Generated_Code/BitIoLdd2.o
 .text.BitIoLdd2_NegVal
                0x00000000       0x1c ./Generated_Code/BitIoLdd2.o
 .debug_macro   0x00000000      0x84a ./Generated_Code/BitIoLdd2.o
 .debug_macro   0x00000000       0x16 ./Generated_Code/BitIoLdd2.o
 .debug_macro   0x00000000       0x44 ./Generated_Code/BitIoLdd2.o
 .debug_macro   0x00000000      0x209 ./Generated_Code/BitIoLdd2.o
 .debug_macro   0x00000000     0x1680 ./Generated_Code/BitIoLdd2.o
 .debug_macro   0x00000000      0x14e ./Generated_Code/BitIoLdd2.o
 .debug_macro   0x00000000       0x6a ./Generated_Code/BitIoLdd2.o
 .debug_macro   0x00000000     0x9b9f ./Generated_Code/BitIoLdd2.o
 .debug_macro   0x00000000       0x94 ./Generated_Code/BitIoLdd2.o
 .debug_macro   0x00000000      0x12c ./Generated_Code/BitIoLdd2.o
 .debug_macro   0x00000000       0x9a ./Generated_Code/BitIoLdd2.o
 .debug_macro   0x00000000       0x46 ./Generated_Code/BitIoLdd2.o
 .group         0x00000000        0x8 ./Generated_Code/Cpu.o
 .group         0x00000000        0x8 ./Generated_Code/Cpu.o
 .group         0x00000000        0x8 ./Generated_Code/Cpu.o
 .group         0x00000000        0x8 ./Generated_Code/Cpu.o
 .group         0x00000000        0x8 ./Generated_Code/Cpu.o
 .group         0x00000000        0x8 ./Generated_Code/Cpu.o
 .group         0x00000000        0x8 ./Generated_Code/Cpu.o
 .group         0x00000000        0x8 ./Generated_Code/Cpu.o
 .group         0x00000000        0x8 ./Generated_Code/Cpu.o
 .group         0x00000000        0x8 ./Generated_Code/Cpu.o
 .group         0x00000000        0x8 ./Generated_Code/Cpu.o
 .group         0x00000000        0x8 ./Generated_Code/Cpu.o
 .group         0x00000000        0x8 ./Generated_Code/Cpu.o
 .group         0x00000000        0x8 ./Generated_Code/Cpu.o
 .group         0x00000000        0x8 ./Generated_Code/Cpu.o
 .group         0x00000000        0x8 ./Generated_Code/Cpu.o
 .group         0x00000000        0x8 ./Generated_Code/Cpu.o
 .group         0x00000000        0x8 ./Generated_Code/Cpu.o
 .group         0x00000000        0x8 ./Generated_Code/Cpu.o
 .group         0x00000000        0x8 ./Generated_Code/Cpu.o
 .group         0x00000000        0x8 ./Generated_Code/Cpu.o
 .group         0x00000000        0x8 ./Generated_Code/Cpu.o
 .text          0x00000000        0x0 ./Generated_Code/Cpu.o
 .data          0x00000000        0x0 ./Generated_Code/Cpu.o
 .bss           0x00000000        0x0 ./Generated_Code/Cpu.o
 .bss.SR_lock   0x00000000        0x1 ./Generated_Code/Cpu.o
 .debug_macro   0x00000000      0x84a ./Generated_Code/Cpu.o
 .debug_macro   0x00000000       0x16 ./Generated_Code/Cpu.o
 .debug_macro   0x00000000       0x44 ./Generated_Code/Cpu.o
 .debug_macro   0x00000000      0x209 ./Generated_Code/Cpu.o
 .debug_macro   0x00000000     0x1680 ./Generated_Code/Cpu.o
 .debug_macro   0x00000000      0x14e ./Generated_Code/Cpu.o
 .debug_macro   0x00000000       0x6a ./Generated_Code/Cpu.o
 .debug_macro   0x00000000     0x9b9f ./Generated_Code/Cpu.o
 .debug_macro   0x00000000       0x94 ./Generated_Code/Cpu.o
 .debug_macro   0x00000000      0x12c ./Generated_Code/Cpu.o
 .debug_macro   0x00000000       0x9a ./Generated_Code/Cpu.o
 .debug_macro   0x00000000       0x2e ./Generated_Code/Cpu.o
 .debug_macro   0x00000000       0x4c ./Generated_Code/Cpu.o
 .debug_macro   0x00000000       0x26 ./Generated_Code/Cpu.o
 .debug_macro   0x00000000       0x65 ./Generated_Code/Cpu.o
 .debug_macro   0x00000000       0x11 ./Generated_Code/Cpu.o
 .debug_macro   0x00000000      0x6a6 ./Generated_Code/Cpu.o
 .debug_macro   0x00000000       0x7b ./Generated_Code/Cpu.o
 .debug_macro   0x00000000       0x3f ./Generated_Code/Cpu.o
 .debug_macro   0x00000000       0x2c ./Generated_Code/Cpu.o
 .debug_macro   0x00000000       0x45 ./Generated_Code/Cpu.o
 .debug_macro   0x00000000       0x2c ./Generated_Code/Cpu.o
 COMMON         0x00000000        0x1 ./Generated_Code/Cpu.o
 .group         0x00000000        0x8 ./Generated_Code/GREEN_PWM.o
 .group         0x00000000        0x8 ./Generated_Code/GREEN_PWM.o
 .group         0x00000000        0x8 ./Generated_Code/GREEN_PWM.o
 .group         0x00000000        0x8 ./Generated_Code/GREEN_PWM.o
 .group         0x00000000        0x8 ./Generated_Code/GREEN_PWM.o
 .group         0x00000000        0x8 ./Generated_Code/GREEN_PWM.o
 .group         0x00000000        0x8 ./Generated_Code/GREEN_PWM.o
 .group         0x00000000        0x8 ./Generated_Code/GREEN_PWM.o
 .group         0x00000000        0x8 ./Generated_Code/GREEN_PWM.o
 .group         0x00000000        0x8 ./Generated_Code/GREEN_PWM.o
 .group         0x00000000        0x8 ./Generated_Code/GREEN_PWM.o
 .group         0x00000000        0x8 ./Generated_Code/GREEN_PWM.o
 .group         0x00000000        0x8 ./Generated_Code/GREEN_PWM.o
 .group         0x00000000        0x8 ./Generated_Code/GREEN_PWM.o
 .text          0x00000000        0x0 ./Generated_Code/GREEN_PWM.o
 .data          0x00000000        0x0 ./Generated_Code/GREEN_PWM.o
 .bss           0x00000000        0x0 ./Generated_Code/GREEN_PWM.o
 .debug_info    0x00000000       0x7d ./Generated_Code/GREEN_PWM.o
 .debug_abbrev  0x00000000       0x29 ./Generated_Code/GREEN_PWM.o
 .debug_aranges
                0x00000000       0x18 ./Generated_Code/GREEN_PWM.o
 .debug_macro   0x00000000       0xc6 ./Generated_Code/GREEN_PWM.o
 .debug_macro   0x00000000      0x84a ./Generated_Code/GREEN_PWM.o
 .debug_macro   0x00000000       0x16 ./Generated_Code/GREEN_PWM.o
 .debug_macro   0x00000000       0x44 ./Generated_Code/GREEN_PWM.o
 .debug_macro   0x00000000      0x209 ./Generated_Code/GREEN_PWM.o
 .debug_macro   0x00000000     0x1680 ./Generated_Code/GREEN_PWM.o
 .debug_macro   0x00000000      0x14e ./Generated_Code/GREEN_PWM.o
 .debug_macro   0x00000000       0x6a ./Generated_Code/GREEN_PWM.o
 .debug_macro   0x00000000     0x9b9f ./Generated_Code/GREEN_PWM.o
 .debug_macro   0x00000000       0x94 ./Generated_Code/GREEN_PWM.o
 .debug_macro   0x00000000      0x6a0 ./Generated_Code/GREEN_PWM.o
 .debug_macro   0x00000000       0x9a ./Generated_Code/GREEN_PWM.o
 .debug_macro   0x00000000       0x7b ./Generated_Code/GREEN_PWM.o
 .debug_macro   0x00000000       0x3f ./Generated_Code/GREEN_PWM.o
 .debug_macro   0x00000000       0x2c ./Generated_Code/GREEN_PWM.o
 .debug_line    0x00000000      0x2c9 ./Generated_Code/GREEN_PWM.o
 .debug_str     0x00000000    0x484c9 ./Generated_Code/GREEN_PWM.o
 .comment       0x00000000       0x71 ./Generated_Code/GREEN_PWM.o
 .ARM.attributes
                0x00000000       0x33 ./Generated_Code/GREEN_PWM.o
 .group         0x00000000        0x8 ./Generated_Code/In.o
 .group         0x00000000        0x8 ./Generated_Code/In.o
 .group         0x00000000        0x8 ./Generated_Code/In.o
 .group         0x00000000        0x8 ./Generated_Code/In.o
 .group         0x00000000        0x8 ./Generated_Code/In.o
 .group         0x00000000        0x8 ./Generated_Code/In.o
 .group         0x00000000        0x8 ./Generated_Code/In.o
 .group         0x00000000        0x8 ./Generated_Code/In.o
 .group         0x00000000        0x8 ./Generated_Code/In.o
 .group         0x00000000        0x8 ./Generated_Code/In.o
 .group         0x00000000        0x8 ./Generated_Code/In.o
 .group         0x00000000        0x8 ./Generated_Code/In.o
 .text          0x00000000        0x0 ./Generated_Code/In.o
 .data          0x00000000        0x0 ./Generated_Code/In.o
 .bss           0x00000000        0x0 ./Generated_Code/In.o
 .debug_info    0x00000000       0x7d ./Generated_Code/In.o
 .debug_abbrev  0x00000000       0x29 ./Generated_Code/In.o
 .debug_aranges
                0x00000000       0x18 ./Generated_Code/In.o
 .debug_macro   0x00000000       0xb6 ./Generated_Code/In.o
 .debug_macro   0x00000000      0x84a ./Generated_Code/In.o
 .debug_macro   0x00000000       0x16 ./Generated_Code/In.o
 .debug_macro   0x00000000       0x44 ./Generated_Code/In.o
 .debug_macro   0x00000000      0x209 ./Generated_Code/In.o
 .debug_macro   0x00000000     0x1680 ./Generated_Code/In.o
 .debug_macro   0x00000000      0x14e ./Generated_Code/In.o
 .debug_macro   0x00000000       0x6a ./Generated_Code/In.o
 .debug_macro   0x00000000     0x9b9f ./Generated_Code/In.o
 .debug_macro   0x00000000       0x94 ./Generated_Code/In.o
 .debug_macro   0x00000000      0x12c ./Generated_Code/In.o
 .debug_macro   0x00000000       0x9a ./Generated_Code/In.o
 .debug_macro   0x00000000       0x2e ./Generated_Code/In.o
 .debug_line    0x00000000      0x2b5 ./Generated_Code/In.o
 .debug_str     0x00000000    0x3fc82 ./Generated_Code/In.o
 .comment       0x00000000       0x71 ./Generated_Code/In.o
 .ARM.attributes
                0x00000000       0x33 ./Generated_Code/In.o
 .group         0x00000000        0x8 ./Generated_Code/PE_LDD.o
 .group         0x00000000        0x8 ./Generated_Code/PE_LDD.o
 .group         0x00000000        0x8 ./Generated_Code/PE_LDD.o
 .group         0x00000000        0x8 ./Generated_Code/PE_LDD.o
 .group         0x00000000        0x8 ./Generated_Code/PE_LDD.o
 .group         0x00000000        0x8 ./Generated_Code/PE_LDD.o
 .group         0x00000000        0x8 ./Generated_Code/PE_LDD.o
 .group         0x00000000        0x8 ./Generated_Code/PE_LDD.o
 .group         0x00000000        0x8 ./Generated_Code/PE_LDD.o
 .group         0x00000000        0x8 ./Generated_Code/PE_LDD.o
 .group         0x00000000        0x8 ./Generated_Code/PE_LDD.o
 .group         0x00000000        0x8 ./Generated_Code/PE_LDD.o
 .group         0x00000000        0x8 ./Generated_Code/PE_LDD.o
 .group         0x00000000        0x8 ./Generated_Code/PE_LDD.o
 .group         0x00000000        0x8 ./Generated_Code/PE_LDD.o
 .group         0x00000000        0x8 ./Generated_Code/PE_LDD.o
 .group         0x00000000        0x8 ./Generated_Code/PE_LDD.o
 .group         0x00000000        0x8 ./Generated_Code/PE_LDD.o
 .group         0x00000000        0x8 ./Generated_Code/PE_LDD.o
 .group         0x00000000        0x8 ./Generated_Code/PE_LDD.o
 .group         0x00000000        0x8 ./Generated_Code/PE_LDD.o
 .group         0x00000000        0x8 ./Generated_Code/PE_LDD.o
 .text          0x00000000        0x0 ./Generated_Code/PE_LDD.o
 .data          0x00000000        0x0 ./Generated_Code/PE_LDD.o
 .bss           0x00000000        0x0 ./Generated_Code/PE_LDD.o
 .rodata.PE_CpuClockConfigurations
                0x00000000       0x28 ./Generated_Code/PE_LDD.o
 .text.PE_FillMemory
                0x00000000       0x24 ./Generated_Code/PE_LDD.o
 .text.PE_PeripheralUsed
                0x00000000       0x54 ./Generated_Code/PE_LDD.o
 .text.LDD_SetClockConfiguration
                0x00000000       0x14 ./Generated_Code/PE_LDD.o
 .debug_macro   0x00000000      0x84a ./Generated_Code/PE_LDD.o
 .debug_macro   0x00000000       0x16 ./Generated_Code/PE_LDD.o
 .debug_macro   0x00000000       0x44 ./Generated_Code/PE_LDD.o
 .debug_macro   0x00000000      0x209 ./Generated_Code/PE_LDD.o
 .debug_macro   0x00000000     0x1680 ./Generated_Code/PE_LDD.o
 .debug_macro   0x00000000      0x14e ./Generated_Code/PE_LDD.o
 .debug_macro   0x00000000       0x6a ./Generated_Code/PE_LDD.o
 .debug_macro   0x00000000     0x9b9f ./Generated_Code/PE_LDD.o
 .debug_macro   0x00000000       0x94 ./Generated_Code/PE_LDD.o
 .debug_macro   0x00000000      0x12c ./Generated_Code/PE_LDD.o
 .debug_macro   0x00000000       0x9a ./Generated_Code/PE_LDD.o
 .debug_macro   0x00000000       0x2e ./Generated_Code/PE_LDD.o
 .debug_macro   0x00000000       0x4c ./Generated_Code/PE_LDD.o
 .debug_macro   0x00000000       0x26 ./Generated_Code/PE_LDD.o
 .debug_macro   0x00000000       0x65 ./Generated_Code/PE_LDD.o
 .debug_macro   0x00000000       0x11 ./Generated_Code/PE_LDD.o
 .debug_macro   0x00000000      0x6a6 ./Generated_Code/PE_LDD.o
 .debug_macro   0x00000000       0x7b ./Generated_Code/PE_LDD.o
 .debug_macro   0x00000000       0x3f ./Generated_Code/PE_LDD.o
 .debug_macro   0x00000000       0x2c ./Generated_Code/PE_LDD.o
 .debug_macro   0x00000000       0x45 ./Generated_Code/PE_LDD.o
 .debug_macro   0x00000000       0x2c ./Generated_Code/PE_LDD.o
 .group         0x00000000        0x8 ./Generated_Code/PwmLdd1.o
 .group         0x00000000        0x8 ./Generated_Code/PwmLdd1.o
 .group         0x00000000        0x8 ./Generated_Code/PwmLdd1.o
 .group         0x00000000        0x8 ./Generated_Code/PwmLdd1.o
 .group         0x00000000        0x8 ./Generated_Code/PwmLdd1.o
 .group         0x00000000        0x8 ./Generated_Code/PwmLdd1.o
 .group         0x00000000        0x8 ./Generated_Code/PwmLdd1.o
 .group         0x00000000        0x8 ./Generated_Code/PwmLdd1.o
 .group         0x00000000        0x8 ./Generated_Code/PwmLdd1.o
 .group         0x00000000        0x8 ./Generated_Code/PwmLdd1.o
 .group         0x00000000        0x8 ./Generated_Code/PwmLdd1.o
 .group         0x00000000        0x8 ./Generated_Code/PwmLdd1.o
 .group         0x00000000        0x8 ./Generated_Code/PwmLdd1.o
 .text          0x00000000        0x0 ./Generated_Code/PwmLdd1.o
 .data          0x00000000        0x0 ./Generated_Code/PwmLdd1.o
 .bss           0x00000000        0x0 ./Generated_Code/PwmLdd1.o
 .text.PwmLdd1_SetRatio16
                0x00000000       0x28 ./Generated_Code/PwmLdd1.o
 .text.PwmLdd1_SetDutyUS
                0x00000000       0x74 ./Generated_Code/PwmLdd1.o
 .text.PwmLdd1_SetDutyMS
                0x00000000       0x70 ./Generated_Code/PwmLdd1.o
 .debug_macro   0x00000000      0x84a ./Generated_Code/PwmLdd1.o
 .debug_macro   0x00000000       0x16 ./Generated_Code/PwmLdd1.o
 .debug_macro   0x00000000       0x44 ./Generated_Code/PwmLdd1.o
 .debug_macro   0x00000000      0x209 ./Generated_Code/PwmLdd1.o
 .debug_macro   0x00000000     0x1680 ./Generated_Code/PwmLdd1.o
 .debug_macro   0x00000000      0x14e ./Generated_Code/PwmLdd1.o
 .debug_macro   0x00000000       0x6a ./Generated_Code/PwmLdd1.o
 .debug_macro   0x00000000     0x9b9f ./Generated_Code/PwmLdd1.o
 .debug_macro   0x00000000       0x94 ./Generated_Code/PwmLdd1.o
 .debug_macro   0x00000000      0x6a0 ./Generated_Code/PwmLdd1.o
 .debug_macro   0x00000000       0x9a ./Generated_Code/PwmLdd1.o
 .debug_macro   0x00000000       0x7b ./Generated_Code/PwmLdd1.o
 .debug_macro   0x00000000       0x3f ./Generated_Code/PwmLdd1.o
 .group         0x00000000        0x8 ./Generated_Code/PwmLdd2.o
 .group         0x00000000        0x8 ./Generated_Code/PwmLdd2.o
 .group         0x00000000        0x8 ./Generated_Code/PwmLdd2.o
 .group         0x00000000        0x8 ./Generated_Code/PwmLdd2.o
 .group         0x00000000        0x8 ./Generated_Code/PwmLdd2.o
 .group         0x00000000        0x8 ./Generated_Code/PwmLdd2.o
 .group         0x00000000        0x8 ./Generated_Code/PwmLdd2.o
 .group         0x00000000        0x8 ./Generated_Code/PwmLdd2.o
 .group         0x00000000        0x8 ./Generated_Code/PwmLdd2.o
 .group         0x00000000        0x8 ./Generated_Code/PwmLdd2.o
 .group         0x00000000        0x8 ./Generated_Code/PwmLdd2.o
 .group         0x00000000        0x8 ./Generated_Code/PwmLdd2.o
 .group         0x00000000        0x8 ./Generated_Code/PwmLdd2.o
 .text          0x00000000        0x0 ./Generated_Code/PwmLdd2.o
 .data          0x00000000        0x0 ./Generated_Code/PwmLdd2.o
 .bss           0x00000000        0x0 ./Generated_Code/PwmLdd2.o
 .text.PwmLdd2_SetRatio16
                0x00000000       0x28 ./Generated_Code/PwmLdd2.o
 .text.PwmLdd2_SetDutyUS
                0x00000000       0x74 ./Generated_Code/PwmLdd2.o
 .text.PwmLdd2_SetDutyMS
                0x00000000       0x70 ./Generated_Code/PwmLdd2.o
 .debug_macro   0x00000000      0x84a ./Generated_Code/PwmLdd2.o
 .debug_macro   0x00000000       0x16 ./Generated_Code/PwmLdd2.o
 .debug_macro   0x00000000       0x44 ./Generated_Code/PwmLdd2.o
 .debug_macro   0x00000000      0x209 ./Generated_Code/PwmLdd2.o
 .debug_macro   0x00000000     0x1680 ./Generated_Code/PwmLdd2.o
 .debug_macro   0x00000000      0x14e ./Generated_Code/PwmLdd2.o
 .debug_macro   0x00000000       0x6a ./Generated_Code/PwmLdd2.o
 .debug_macro   0x00000000     0x9b9f ./Generated_Code/PwmLdd2.o
 .debug_macro   0x00000000       0x94 ./Generated_Code/PwmLdd2.o
 .debug_macro   0x00000000      0x6a0 ./Generated_Code/PwmLdd2.o
 .debug_macro   0x00000000       0x9a ./Generated_Code/PwmLdd2.o
 .debug_macro   0x00000000       0x7b ./Generated_Code/PwmLdd2.o
 .debug_macro   0x00000000       0x3f ./Generated_Code/PwmLdd2.o
 .group         0x00000000        0x8 ./Generated_Code/RED_PWM.o
 .group         0x00000000        0x8 ./Generated_Code/RED_PWM.o
 .group         0x00000000        0x8 ./Generated_Code/RED_PWM.o
 .group         0x00000000        0x8 ./Generated_Code/RED_PWM.o
 .group         0x00000000        0x8 ./Generated_Code/RED_PWM.o
 .group         0x00000000        0x8 ./Generated_Code/RED_PWM.o
 .group         0x00000000        0x8 ./Generated_Code/RED_PWM.o
 .group         0x00000000        0x8 ./Generated_Code/RED_PWM.o
 .group         0x00000000        0x8 ./Generated_Code/RED_PWM.o
 .group         0x00000000        0x8 ./Generated_Code/RED_PWM.o
 .group         0x00000000        0x8 ./Generated_Code/RED_PWM.o
 .group         0x00000000        0x8 ./Generated_Code/RED_PWM.o
 .group         0x00000000        0x8 ./Generated_Code/RED_PWM.o
 .group         0x00000000        0x8 ./Generated_Code/RED_PWM.o
 .text          0x00000000        0x0 ./Generated_Code/RED_PWM.o
 .data          0x00000000        0x0 ./Generated_Code/RED_PWM.o
 .bss           0x00000000        0x0 ./Generated_Code/RED_PWM.o
 .debug_info    0x00000000       0x7d ./Generated_Code/RED_PWM.o
 .debug_abbrev  0x00000000       0x29 ./Generated_Code/RED_PWM.o
 .debug_aranges
                0x00000000       0x18 ./Generated_Code/RED_PWM.o
 .debug_macro   0x00000000       0xc6 ./Generated_Code/RED_PWM.o
 .debug_macro   0x00000000      0x84a ./Generated_Code/RED_PWM.o
 .debug_macro   0x00000000       0x16 ./Generated_Code/RED_PWM.o
 .debug_macro   0x00000000       0x44 ./Generated_Code/RED_PWM.o
 .debug_macro   0x00000000      0x209 ./Generated_Code/RED_PWM.o
 .debug_macro   0x00000000     0x1680 ./Generated_Code/RED_PWM.o
 .debug_macro   0x00000000      0x14e ./Generated_Code/RED_PWM.o
 .debug_macro   0x00000000       0x6a ./Generated_Code/RED_PWM.o
 .debug_macro   0x00000000     0x9b9f ./Generated_Code/RED_PWM.o
 .debug_macro   0x00000000       0x94 ./Generated_Code/RED_PWM.o
 .debug_macro   0x00000000      0x6a0 ./Generated_Code/RED_PWM.o
 .debug_macro   0x00000000       0x9a ./Generated_Code/RED_PWM.o
 .debug_macro   0x00000000       0x7b ./Generated_Code/RED_PWM.o
 .debug_macro   0x00000000       0x3f ./Generated_Code/RED_PWM.o
 .debug_macro   0x00000000       0x2c ./Generated_Code/RED_PWM.o
 .debug_line    0x00000000      0x2c5 ./Generated_Code/RED_PWM.o
 .debug_str     0x00000000    0x484b9 ./Generated_Code/RED_PWM.o
 .comment       0x00000000       0x71 ./Generated_Code/RED_PWM.o
 .ARM.attributes
                0x00000000       0x33 ./Generated_Code/RED_PWM.o
 .group         0x00000000        0x8 ./Generated_Code/TU1.o
 .group         0x00000000        0x8 ./Generated_Code/TU1.o
 .group         0x00000000        0x8 ./Generated_Code/TU1.o
 .group         0x00000000        0x8 ./Generated_Code/TU1.o
 .group         0x00000000        0x8 ./Generated_Code/TU1.o
 .group         0x00000000        0x8 ./Generated_Code/TU1.o
 .group         0x00000000        0x8 ./Generated_Code/TU1.o
 .group         0x00000000        0x8 ./Generated_Code/TU1.o
 .group         0x00000000        0x8 ./Generated_Code/TU1.o
 .group         0x00000000        0x8 ./Generated_Code/TU1.o
 .group         0x00000000        0x8 ./Generated_Code/TU1.o
 .group         0x00000000        0x8 ./Generated_Code/TU1.o
 .text          0x00000000        0x0 ./Generated_Code/TU1.o
 .data          0x00000000        0x0 ./Generated_Code/TU1.o
 .bss           0x00000000        0x0 ./Generated_Code/TU1.o
 .text.TU1_GetCounterValue
                0x00000000       0x20 ./Generated_Code/TU1.o
 .text.TU1_GetOffsetTicks
                0x00000000       0x58 ./Generated_Code/TU1.o
 .text.TU1_SelectOutputAction
                0x00000000      0x210 ./Generated_Code/TU1.o
 .debug_macro   0x00000000      0x84a ./Generated_Code/TU1.o
 .debug_macro   0x00000000       0x16 ./Generated_Code/TU1.o
 .debug_macro   0x00000000       0x44 ./Generated_Code/TU1.o
 .debug_macro   0x00000000      0x209 ./Generated_Code/TU1.o
 .debug_macro   0x00000000     0x1680 ./Generated_Code/TU1.o
 .debug_macro   0x00000000      0x14e ./Generated_Code/TU1.o
 .debug_macro   0x00000000       0x6a ./Generated_Code/TU1.o
 .debug_macro   0x00000000     0x9b9f ./Generated_Code/TU1.o
 .debug_macro   0x00000000       0x94 ./Generated_Code/TU1.o
 .debug_macro   0x00000000      0x6a0 ./Generated_Code/TU1.o
 .debug_macro   0x00000000       0x9a ./Generated_Code/TU1.o
 .debug_macro   0x00000000       0x7b ./Generated_Code/TU1.o
 .group         0x00000000        0x8 ./Generated_Code/Vectors.o
 .group         0x00000000        0x8 ./Generated_Code/Vectors.o
 .group         0x00000000        0x8 ./Generated_Code/Vectors.o
 .group         0x00000000        0x8 ./Generated_Code/Vectors.o
 .group         0x00000000        0x8 ./Generated_Code/Vectors.o
 .group         0x00000000        0x8 ./Generated_Code/Vectors.o
 .group         0x00000000        0x8 ./Generated_Code/Vectors.o
 .group         0x00000000        0x8 ./Generated_Code/Vectors.o
 .group         0x00000000        0x8 ./Generated_Code/Vectors.o
 .group         0x00000000        0x8 ./Generated_Code/Vectors.o
 .group         0x00000000        0x8 ./Generated_Code/Vectors.o
 .group         0x00000000        0x8 ./Generated_Code/Vectors.o
 .group         0x00000000        0x8 ./Generated_Code/Vectors.o
 .group         0x00000000        0x8 ./Generated_Code/Vectors.o
 .group         0x00000000        0x8 ./Generated_Code/Vectors.o
 .group         0x00000000        0x8 ./Generated_Code/Vectors.o
 .group         0x00000000        0x8 ./Generated_Code/Vectors.o
 .group         0x00000000        0x8 ./Generated_Code/Vectors.o
 .group         0x00000000        0x8 ./Generated_Code/Vectors.o
 .group         0x00000000        0x8 ./Generated_Code/Vectors.o
 .group         0x00000000        0x8 ./Generated_Code/Vectors.o
 .group         0x00000000        0x8 ./Generated_Code/Vectors.o
 .text          0x00000000        0x0 ./Generated_Code/Vectors.o
 .data          0x00000000        0x0 ./Generated_Code/Vectors.o
 .bss           0x00000000        0x0 ./Generated_Code/Vectors.o
 .debug_macro   0x00000000      0x84a ./Generated_Code/Vectors.o
 .debug_macro   0x00000000       0x16 ./Generated_Code/Vectors.o
 .debug_macro   0x00000000       0x44 ./Generated_Code/Vectors.o
 .debug_macro   0x00000000      0x209 ./Generated_Code/Vectors.o
 .debug_macro   0x00000000     0x1680 ./Generated_Code/Vectors.o
 .debug_macro   0x00000000      0x14e ./Generated_Code/Vectors.o
 .debug_macro   0x00000000       0x6a ./Generated_Code/Vectors.o
 .debug_macro   0x00000000     0x9b9f ./Generated_Code/Vectors.o
 .debug_macro   0x00000000       0x94 ./Generated_Code/Vectors.o
 .debug_macro   0x00000000       0x94 ./Generated_Code/Vectors.o
 .debug_macro   0x00000000      0x12c ./Generated_Code/Vectors.o
 .debug_macro   0x00000000       0x2e ./Generated_Code/Vectors.o
 .debug_macro   0x00000000       0x4c ./Generated_Code/Vectors.o
 .debug_macro   0x00000000       0x26 ./Generated_Code/Vectors.o
 .debug_macro   0x00000000       0x65 ./Generated_Code/Vectors.o
 .debug_macro   0x00000000       0x11 ./Generated_Code/Vectors.o
 .debug_macro   0x00000000      0x6a6 ./Generated_Code/Vectors.o
 .debug_macro   0x00000000       0x7b ./Generated_Code/Vectors.o
 .debug_macro   0x00000000       0x3f ./Generated_Code/Vectors.o
 .debug_macro   0x00000000       0x2c ./Generated_Code/Vectors.o
 .debug_macro   0x00000000       0x45 ./Generated_Code/Vectors.o
 .debug_macro   0x00000000       0x2c ./Generated_Code/Vectors.o
 .text          0x00000000      0x21c d:/kinetics design studio/toolchain/bin/../lib/gcc/arm-none-eabi/4.8.4/armv7e-m\libgcc.a(_arm_addsubsf3.o)
 .data          0x00000000        0x0 d:/kinetics design studio/toolchain/bin/../lib/gcc/arm-none-eabi/4.8.4/armv7e-m\libgcc.a(_arm_addsubsf3.o)
 .bss           0x00000000        0x0 d:/kinetics design studio/toolchain/bin/../lib/gcc/arm-none-eabi/4.8.4/armv7e-m\libgcc.a(_arm_addsubsf3.o)
 .ARM.attributes
                0x00000000       0x1e d:/kinetics design studio/toolchain/bin/../lib/gcc/arm-none-eabi/4.8.4/armv7e-m\libgcc.a(_arm_addsubsf3.o)
 .text          0x00000000      0x2a0 d:/kinetics design studio/toolchain/bin/../lib/gcc/arm-none-eabi/4.8.4/armv7e-m\libgcc.a(_arm_muldivsf3.o)
 .data          0x00000000        0x0 d:/kinetics design studio/toolchain/bin/../lib/gcc/arm-none-eabi/4.8.4/armv7e-m\libgcc.a(_arm_muldivsf3.o)
 .bss           0x00000000        0x0 d:/kinetics design studio/toolchain/bin/../lib/gcc/arm-none-eabi/4.8.4/armv7e-m\libgcc.a(_arm_muldivsf3.o)
 .ARM.attributes
                0x00000000       0x1e d:/kinetics design studio/toolchain/bin/../lib/gcc/arm-none-eabi/4.8.4/armv7e-m\libgcc.a(_arm_muldivsf3.o)
 .text          0x00000000       0xec d:/kinetics design studio/toolchain/bin/../lib/gcc/arm-none-eabi/4.8.4/armv7e-m\libgcc.a(_arm_cmpsf2.o)
 .data          0x00000000        0x0 d:/kinetics design studio/toolchain/bin/../lib/gcc/arm-none-eabi/4.8.4/armv7e-m\libgcc.a(_arm_cmpsf2.o)
 .bss           0x00000000        0x0 d:/kinetics design studio/toolchain/bin/../lib/gcc/arm-none-eabi/4.8.4/armv7e-m\libgcc.a(_arm_cmpsf2.o)
 .ARM.attributes
                0x00000000       0x1e d:/kinetics design studio/toolchain/bin/../lib/gcc/arm-none-eabi/4.8.4/armv7e-m\libgcc.a(_arm_cmpsf2.o)
 .text          0x00000000       0x40 d:/kinetics design studio/toolchain/bin/../lib/gcc/arm-none-eabi/4.8.4/armv7e-m\libgcc.a(_arm_fixunssfsi.o)
 .data          0x00000000        0x0 d:/kinetics design studio/toolchain/bin/../lib/gcc/arm-none-eabi/4.8.4/armv7e-m\libgcc.a(_arm_fixunssfsi.o)
 .bss           0x00000000        0x0 d:/kinetics design studio/toolchain/bin/../lib/gcc/arm-none-eabi/4.8.4/armv7e-m\libgcc.a(_arm_fixunssfsi.o)
 .ARM.attributes
                0x00000000       0x1e d:/kinetics design studio/toolchain/bin/../lib/gcc/arm-none-eabi/4.8.4/armv7e-m\libgcc.a(_arm_fixunssfsi.o)
 .text          0x00000000        0x0 d:/kinetics design studio/toolchain/bin/../lib/gcc/arm-none-eabi/4.8.4/../../../../arm-none-eabi/lib/armv7e-m\libg_s.a(lib_a-exit.o)
 .data          0x00000000        0x0 d:/kinetics design studio/toolchain/bin/../lib/gcc/arm-none-eabi/4.8.4/../../../../arm-none-eabi/lib/armv7e-m\libg_s.a(lib_a-exit.o)
 .bss           0x00000000        0x0 d:/kinetics design studio/toolchain/bin/../lib/gcc/arm-none-eabi/4.8.4/../../../../arm-none-eabi/lib/armv7e-m\libg_s.a(lib_a-exit.o)
 .text          0x00000000        0x0 d:/kinetics design studio/toolchain/bin/../lib/gcc/arm-none-eabi/4.8.4/../../../../arm-none-eabi/lib/armv7e-m\libg_s.a(lib_a-impure.o)
 .data          0x00000000        0x0 d:/kinetics design studio/toolchain/bin/../lib/gcc/arm-none-eabi/4.8.4/../../../../arm-none-eabi/lib/armv7e-m\libg_s.a(lib_a-impure.o)
 .bss           0x00000000        0x0 d:/kinetics design studio/toolchain/bin/../lib/gcc/arm-none-eabi/4.8.4/../../../../arm-none-eabi/lib/armv7e-m\libg_s.a(lib_a-impure.o)
 .data._impure_ptr
                0x00000000        0x4 d:/kinetics design studio/toolchain/bin/../lib/gcc/arm-none-eabi/4.8.4/../../../../arm-none-eabi/lib/armv7e-m\libg_s.a(lib_a-impure.o)
 .text          0x00000000        0x0 d:/kinetics design studio/toolchain/bin/../lib/gcc/arm-none-eabi/4.8.4/../../../../arm-none-eabi/lib/armv7e-m\libg_s.a(lib_a-init.o)
 .data          0x00000000        0x0 d:/kinetics design studio/toolchain/bin/../lib/gcc/arm-none-eabi/4.8.4/../../../../arm-none-eabi/lib/armv7e-m\libg_s.a(lib_a-init.o)
 .bss           0x00000000        0x0 d:/kinetics design studio/toolchain/bin/../lib/gcc/arm-none-eabi/4.8.4/../../../../arm-none-eabi/lib/armv7e-m\libg_s.a(lib_a-init.o)
 .text          0x00000000        0x0 d:/kinetics design studio/toolchain/bin/../lib/gcc/arm-none-eabi/4.8.4/../../../../arm-none-eabi/lib/armv7e-m\libg_s.a(lib_a-memset.o)
 .data          0x00000000        0x0 d:/kinetics design studio/toolchain/bin/../lib/gcc/arm-none-eabi/4.8.4/../../../../arm-none-eabi/lib/armv7e-m\libg_s.a(lib_a-memset.o)
 .bss           0x00000000        0x0 d:/kinetics design studio/toolchain/bin/../lib/gcc/arm-none-eabi/4.8.4/../../../../arm-none-eabi/lib/armv7e-m\libg_s.a(lib_a-memset.o)
 .text          0x00000000        0x0 d:/kinetics design studio/toolchain/bin/../lib/gcc/arm-none-eabi/4.8.4/../../../../arm-none-eabi/lib/armv7e-m\libg_s.a(lib_a-strlen.o)
 .data          0x00000000        0x0 d:/kinetics design studio/toolchain/bin/../lib/gcc/arm-none-eabi/4.8.4/../../../../arm-none-eabi/lib/armv7e-m\libg_s.a(lib_a-strlen.o)
 .bss           0x00000000        0x0 d:/kinetics design studio/toolchain/bin/../lib/gcc/arm-none-eabi/4.8.4/../../../../arm-none-eabi/lib/armv7e-m\libg_s.a(lib_a-strlen.o)
 .text          0x00000000        0x0 d:/kinetics design studio/toolchain/bin/../lib/gcc/arm-none-eabi/4.8.4/../../../../arm-none-eabi/lib/armv7e-m\libnosys.a(_exit.o)
 .data          0x00000000        0x0 d:/kinetics design studio/toolchain/bin/../lib/gcc/arm-none-eabi/4.8.4/../../../../arm-none-eabi/lib/armv7e-m\libnosys.a(_exit.o)
 .bss           0x00000000        0x0 d:/kinetics design studio/toolchain/bin/../lib/gcc/arm-none-eabi/4.8.4/../../../../arm-none-eabi/lib/armv7e-m\libnosys.a(_exit.o)
 .text          0x00000000        0x0 d:/kinetics design studio/toolchain/bin/../lib/gcc/arm-none-eabi/4.8.4/armv7e-m/crtend.o
 .data          0x00000000        0x0 d:/kinetics design studio/toolchain/bin/../lib/gcc/arm-none-eabi/4.8.4/armv7e-m/crtend.o
 .bss           0x00000000        0x0 d:/kinetics design studio/toolchain/bin/../lib/gcc/arm-none-eabi/4.8.4/armv7e-m/crtend.o
 .eh_frame      0x00000000        0x4 d:/kinetics design studio/toolchain/bin/../lib/gcc/arm-none-eabi/4.8.4/armv7e-m/crtend.o
 .jcr           0x00000000        0x4 d:/kinetics design studio/toolchain/bin/../lib/gcc/arm-none-eabi/4.8.4/armv7e-m/crtend.o
 .ARM.attributes
                0x00000000       0x2e d:/kinetics design studio/toolchain/bin/../lib/gcc/arm-none-eabi/4.8.4/armv7e-m/crtend.o
 .text          0x00000000        0x0 d:/kinetics design studio/toolchain/bin/../lib/gcc/arm-none-eabi/4.8.4/armv7e-m/crtn.o
 .data          0x00000000        0x0 d:/kinetics design studio/toolchain/bin/../lib/gcc/arm-none-eabi/4.8.4/armv7e-m/crtn.o
 .bss           0x00000000        0x0 d:/kinetics design studio/toolchain/bin/../lib/gcc/arm-none-eabi/4.8.4/armv7e-m/crtn.o

Memory Configuration

Name             Origin             Length             Attributes
m_interrupts     0x00000000         0x000000f8         xr
m_text           0x00000410         0x0001fbf0         xr
m_data           0x1fffe000         0x00002000         rw
m_data_20000000  0x20000000         0x00002000         rw
m_cfmprotrom     0x00000400         0x00000010         xr
*default*        0x00000000         0xffffffff

Linker script and memory map

LOAD d:/kinetics design studio/toolchain/bin/../lib/gcc/arm-none-eabi/4.8.4/armv7e-m/crti.o
LOAD d:/kinetics design studio/toolchain/bin/../lib/gcc/arm-none-eabi/4.8.4/armv7e-m/crtbegin.o
LOAD d:/kinetics design studio/toolchain/bin/../lib/gcc/arm-none-eabi/4.8.4/../../../../arm-none-eabi/lib/armv7e-m/crt0.o
LOAD ./Sources/Events.o
LOAD ./Sources/main.o
LOAD ./Project_Settings/Startup_Code/startup.o
LOAD ./Generated_Code/AS1.o
LOAD ./Generated_Code/ASerialLdd1.o
LOAD ./Generated_Code/BLUE_LED.o
LOAD ./Generated_Code/BitIoLdd1.o
LOAD ./Generated_Code/BitIoLdd2.o
LOAD ./Generated_Code/Cpu.o
LOAD ./Generated_Code/GREEN_PWM.o
LOAD ./Generated_Code/In.o
LOAD ./Generated_Code/PE_LDD.o
LOAD ./Generated_Code/PwmLdd1.o
LOAD ./Generated_Code/PwmLdd2.o
LOAD ./Generated_Code/RED_PWM.o
LOAD ./Generated_Code/TU1.o
LOAD ./Generated_Code/Vectors.o
LOAD d:/kinetics design studio/toolchain/bin/../lib/gcc/arm-none-eabi/4.8.4/../../../../arm-none-eabi/lib/armv7e-m\libstdc++_s.a
LOAD d:/kinetics design studio/toolchain/bin/../lib/gcc/arm-none-eabi/4.8.4/../../../../arm-none-eabi/lib/armv7e-m\libm.a
START GROUP
LOAD d:/kinetics design studio/toolchain/bin/../lib/gcc/arm-none-eabi/4.8.4/armv7e-m\libgcc.a
LOAD d:/kinetics design studio/toolchain/bin/../lib/gcc/arm-none-eabi/4.8.4/../../../../arm-none-eabi/lib/armv7e-m\libg_s.a
LOAD d:/kinetics design studio/toolchain/bin/../lib/gcc/arm-none-eabi/4.8.4/../../../../arm-none-eabi/lib/armv7e-m\libc_s.a
END GROUP
START GROUP
LOAD d:/kinetics design studio/toolchain/bin/../lib/gcc/arm-none-eabi/4.8.4/armv7e-m\libgcc.a
LOAD d:/kinetics design studio/toolchain/bin/../lib/gcc/arm-none-eabi/4.8.4/../../../../arm-none-eabi/lib/armv7e-m\libc_s.a
LOAD d:/kinetics design studio/toolchain/bin/../lib/gcc/arm-none-eabi/4.8.4/../../../../arm-none-eabi/lib/armv7e-m\libnosys.a
END GROUP
START GROUP
LOAD d:/kinetics design studio/toolchain/bin/../lib/gcc/arm-none-eabi/4.8.4/armv7e-m\libgcc.a
LOAD d:/kinetics design studio/toolchain/bin/../lib/gcc/arm-none-eabi/4.8.4/../../../../arm-none-eabi/lib/armv7e-m\libc_s.a
LOAD d:/kinetics design studio/toolchain/bin/../lib/gcc/arm-none-eabi/4.8.4/../../../../arm-none-eabi/lib/armv7e-m\libnosys.a
END GROUP
LOAD d:/kinetics design studio/toolchain/bin/../lib/gcc/arm-none-eabi/4.8.4/armv7e-m/crtend.o
LOAD d:/kinetics design studio/toolchain/bin/../lib/gcc/arm-none-eabi/4.8.4/armv7e-m/crtn.o
                0x20000000                _estack = 0x20000000
                0x20000000                __SP_INIT = _estack
                0x20000000                __stack = _estack
                0x00000000                __heap_size = 0x0
                0x00000400                __stack_size = 0x400

.interrupts     0x00000000       0xf8
                0x00000000                __vector_table = .
                0x00000000                . = ALIGN (0x4)
 *(.vectortable)
 .vectortable   0x00000000       0xf8 ./Generated_Code/Vectors.o
                0x00000000                __vect_table
                0x000000f8                . = ALIGN (0x4)

.cfmprotect     0x00000400       0x10
                0x00000400                . = ALIGN (0x4)
 *(.cfmconfig)
 .cfmconfig     0x00000400       0x10 ./Generated_Code/Cpu.o
                0x00000400                _cfm
                0x00000410                . = ALIGN (0x4)

.text           0x00000410      0xfb0
                0x00000410                . = ALIGN (0x4)
 *(.text)
 .text          0x00000410       0x54 d:/kinetics design studio/toolchain/bin/../lib/gcc/arm-none-eabi/4.8.4/armv7e-m/crtbegin.o
 .text          0x00000464       0x74 d:/kinetics design studio/toolchain/bin/../lib/gcc/arm-none-eabi/4.8.4/../../../../arm-none-eabi/lib/armv7e-m/crt0.o
                0x00000464                _start
                0x00000464                _mainCRTStartup
 *(.text*)
 .text.Cpu_OnNMIINT
                0x000004d8        0xc ./Sources/Events.o
                0x000004d8                Cpu_OnNMIINT
 .text.send_string
                0x000004e4       0x48 ./Sources/main.o
                0x000004e4                send_string
 .text.main     0x0000052c       0x90 ./Sources/main.o
                0x0000052c                main
 .text.__copy_rom_section
                0x000005bc       0xe4 ./Project_Settings/Startup_Code/startup.o
                0x000005bc                __copy_rom_section
 .text.__copy_rom_sections_to_ram
                0x000006a0       0x9c ./Project_Settings/Startup_Code/startup.o
                0x000006a0                __copy_rom_sections_to_ram
 .text.__init_registers
                0x0000073c        0xc ./Project_Settings/Startup_Code/startup.o
                0x0000073c                __init_registers
 .text.__init_user
                0x00000748        0xc ./Project_Settings/Startup_Code/startup.o
                0x00000748                __init_user
 .text.__thumb_startup
                0x00000754       0x34 ./Project_Settings/Startup_Code/startup.o
                0x00000754                __thumb_startup
 .text.HWEnDi   0x00000788       0x1c ./Generated_Code/AS1.o
 .text.AS1_RecvChar
                0x000007a4       0x80 ./Generated_Code/AS1.o
                0x000007a4                AS1_RecvChar
 .text.AS1_SendChar
                0x00000824       0x5c ./Generated_Code/AS1.o
                0x00000824                AS1_SendChar
 .text.AS1_Init
                0x00000880       0x24 ./Generated_Code/AS1.o
                0x00000880                AS1_Init
 .text.ASerialLdd1_OnBreak
                0x000008a4       0x24 ./Generated_Code/AS1.o
                0x000008a4                ASerialLdd1_OnBreak
 .text.ASerialLdd1_Init
                0x000008c8      0x160 ./Generated_Code/ASerialLdd1.o
                0x000008c8                ASerialLdd1_Init
 .text.ASerialLdd1_ReceiveBlock
                0x00000a28       0x48 ./Generated_Code/ASerialLdd1.o
                0x00000a28                ASerialLdd1_ReceiveBlock
 .text.ASerialLdd1_SendBlock
                0x00000a70       0x58 ./Generated_Code/ASerialLdd1.o
                0x00000a70                ASerialLdd1_SendBlock
 .text.ASerialLdd1_GetReceivedDataNum
                0x00000ac8       0x1c ./Generated_Code/ASerialLdd1.o
                0x00000ac8                ASerialLdd1_GetReceivedDataNum
 .text.InterruptRx
                0x00000ae4       0x50 ./Generated_Code/ASerialLdd1.o
 .text.InterruptTx
                0x00000b34       0x60 ./Generated_Code/ASerialLdd1.o
 .text.ASerialLdd1_Main
                0x00000b94       0xd8 ./Generated_Code/ASerialLdd1.o
                0x00000b94                ASerialLdd1_Main
 .text.ASerialLdd1_GetError
                0x00000c6c       0x2c ./Generated_Code/ASerialLdd1.o
                0x00000c6c                ASerialLdd1_GetError
 .text.BitIoLdd1_Init
                0x00000c98       0x58 ./Generated_Code/BitIoLdd1.o
                0x00000c98                BitIoLdd1_Init
 .text.BitIoLdd2_Init
                0x00000cf0       0x64 ./Generated_Code/BitIoLdd2.o
                0x00000cf0                BitIoLdd2_Init
 .text.Cpu_INT_NMIInterrupt
                0x00000d54       0x1c ./Generated_Code/Cpu.o
                0x00000d54                Cpu_INT_NMIInterrupt
 .text.Cpu_Interrupt
                0x00000d70       0x18 ./Generated_Code/Cpu.o
                0x00000d70                Cpu_Interrupt
 .text.__init_hardware
                0x00000d88      0x11c ./Generated_Code/Cpu.o
                0x00000d88                __init_hardware
 .text.Cpu_SetBASEPRI
                0x00000ea4       0x18 ./Generated_Code/Cpu.o
                0x00000ea4                Cpu_SetBASEPRI
 .text.PE_low_level_init
                0x00000ebc       0xc4 ./Generated_Code/Cpu.o
                0x00000ebc                PE_low_level_init
 .text.PwmLdd1_Init
                0x00000f80       0x54 ./Generated_Code/PwmLdd1.o
                0x00000f80                PwmLdd1_Init
 .text.PwmLdd1_SetRatio8
                0x00000fd4       0x2c ./Generated_Code/PwmLdd1.o
                0x00000fd4                PwmLdd1_SetRatio8
 .text.SetRatio
                0x00001000       0x54 ./Generated_Code/PwmLdd1.o
 .text.PwmLdd2_Init
                0x00001054       0x54 ./Generated_Code/PwmLdd2.o
                0x00001054                PwmLdd2_Init
 .text.PwmLdd2_SetRatio8
                0x000010a8       0x2c ./Generated_Code/PwmLdd2.o
                0x000010a8                PwmLdd2_SetRatio8
 .text.SetRatio
                0x000010d4       0x54 ./Generated_Code/PwmLdd2.o
 .text.TU1_Init
                0x00001128      0x124 ./Generated_Code/TU1.o
                0x00001128                TU1_Init
 .text.TU1_GetPeriodTicks
                0x0000124c       0x30 ./Generated_Code/TU1.o
                0x0000124c                TU1_GetPeriodTicks
 .text.TU1_SetOffsetTicks
                0x0000127c       0x54 ./Generated_Code/TU1.o
                0x0000127c                TU1_SetOffsetTicks
 .text.exit     0x000012d0       0x28 d:/kinetics design studio/toolchain/bin/../lib/gcc/arm-none-eabi/4.8.4/../../../../arm-none-eabi/lib/armv7e-m\libg_s.a(lib_a-exit.o)
                0x000012d0                exit
 .text.__libc_init_array
                0x000012f8       0x4c d:/kinetics design studio/toolchain/bin/../lib/gcc/arm-none-eabi/4.8.4/../../../../arm-none-eabi/lib/armv7e-m\libg_s.a(lib_a-init.o)
                0x000012f8                __libc_init_array
 .text.memset   0x00001344       0x10 d:/kinetics design studio/toolchain/bin/../lib/gcc/arm-none-eabi/4.8.4/../../../../arm-none-eabi/lib/armv7e-m\libg_s.a(lib_a-memset.o)
                0x00001344                memset
 .text.strlen   0x00001354       0x10 d:/kinetics design studio/toolchain/bin/../lib/gcc/arm-none-eabi/4.8.4/../../../../arm-none-eabi/lib/armv7e-m\libg_s.a(lib_a-strlen.o)
                0x00001354                strlen
 .text._exit    0x00001364        0x4 d:/kinetics design studio/toolchain/bin/../lib/gcc/arm-none-eabi/4.8.4/../../../../arm-none-eabi/lib/armv7e-m\libnosys.a(_exit.o)
                0x00001364                _exit
 *(.rodata)
 .rodata        0x00001368       0x30 ./Sources/main.o
 *(.rodata*)
 .rodata.ChannelDevice
                0x00001398        0x4 ./Generated_Code/TU1.o
 .rodata.ChannelMode
                0x0000139c        0x4 ./Generated_Code/TU1.o
 .rodata.str1.1
                0x000013a0        0x2 d:/kinetics design studio/toolchain/bin/../lib/gcc/arm-none-eabi/4.8.4/../../../../arm-none-eabi/lib/armv7e-m\libg_s.a(lib_a-impure.o)
 *fill*         0x000013a2        0x2 
 .rodata._global_impure_ptr
                0x000013a4        0x4 d:/kinetics design studio/toolchain/bin/../lib/gcc/arm-none-eabi/4.8.4/../../../../arm-none-eabi/lib/armv7e-m\libg_s.a(lib_a-impure.o)
                0x000013a4                _global_impure_ptr
 *(.glue_7)
 .glue_7        0x00000000        0x0 linker stubs
 *(.glue_7t)
 .glue_7t       0x00000000        0x0 linker stubs
 *(.eh_frame)
 .eh_frame      0x000013a8        0x0 d:/kinetics design studio/toolchain/bin/../lib/gcc/arm-none-eabi/4.8.4/armv7e-m/crtbegin.o
 *(.init)
 .init          0x000013a8        0x4 d:/kinetics design studio/toolchain/bin/../lib/gcc/arm-none-eabi/4.8.4/armv7e-m/crti.o
                0x000013a8                _init
 .init          0x000013ac        0x8 d:/kinetics design studio/toolchain/bin/../lib/gcc/arm-none-eabi/4.8.4/armv7e-m/crtn.o
 *(.fini)
 .fini          0x000013b4        0x4 d:/kinetics design studio/toolchain/bin/../lib/gcc/arm-none-eabi/4.8.4/armv7e-m/crti.o
                0x000013b4                _fini
 .fini          0x000013b8        0x8 d:/kinetics design studio/toolchain/bin/../lib/gcc/arm-none-eabi/4.8.4/armv7e-m/crtn.o
                0x000013c0                . = ALIGN (0x4)
                0x000013c0                _etext = .

.vfp11_veneer   0x000013c0        0x0
 .vfp11_veneer  0x00000000        0x0 linker stubs

.v4_bx          0x000013c0        0x0
 .v4_bx         0x00000000        0x0 linker stubs

.iplt           0x000013c0        0x0
 .iplt          0x00000000        0x0 d:/kinetics design studio/toolchain/bin/../lib/gcc/arm-none-eabi/4.8.4/armv7e-m/crtbegin.o

.ARM.extab
 *(.ARM.extab* .gnu.linkonce.armextab.*)

.ARM            0x000013c0        0x8
                0x000013c0                __exidx_start = .
 *(.ARM.exidx*)
 .ARM.exidx     0x000013c0        0x8 d:/kinetics design studio/toolchain/bin/../lib/gcc/arm-none-eabi/4.8.4/../../../../arm-none-eabi/lib/armv7e-m/crt0.o
                0x000013c8                __exidx_end = .

.rel.dyn        0x000013c8        0x0
 .rel.iplt      0x00000000        0x0 d:/kinetics design studio/toolchain/bin/../lib/gcc/arm-none-eabi/4.8.4/armv7e-m/crtbegin.o

.ctors          0x000013c8        0x0
                0x000013c8                __CTOR_LIST__ = .
 *crtbegin.o(.ctors)
 *(EXCLUDE_FILE(*crtend.o) .ctors)
 *(SORT(.ctors.*))
 *(.ctors)
                0x000013c8                __CTOR_END__ = .

.dtors          0x000013c8        0x0
                0x000013c8                __DTOR_LIST__ = .
 *crtbegin.o(.dtors)
 *(EXCLUDE_FILE(*crtend.o) .dtors)
 *(SORT(.dtors.*))
 *(.dtors)
                0x000013c8                __DTOR_END__ = .

.preinit_array  0x000013c8        0x0
                0x000013c8                PROVIDE (__preinit_array_start, .)
 *(.preinit_array*)
                0x000013c8                PROVIDE (__preinit_array_end, .)

.init_array     0x000013c8        0x4
                0x000013c8                PROVIDE (__init_array_start, .)
 *(SORT(.init_array.*))
 *(.init_array*)
 .init_array    0x000013c8        0x4 d:/kinetics design studio/toolchain/bin/../lib/gcc/arm-none-eabi/4.8.4/armv7e-m/crtbegin.o
                0x000013cc                PROVIDE (__init_array_end, .)

.fini_array     0x000013cc        0x4
                0x000013cc                PROVIDE (__fini_array_start, .)
 *(SORT(.fini_array.*))
 *(.fini_array*)
 .fini_array    0x000013cc        0x4 d:/kinetics design studio/toolchain/bin/../lib/gcc/arm-none-eabi/4.8.4/armv7e-m/crtbegin.o
                0x000013d0                PROVIDE (__fini_array_end, .)
                0x000013d0                ___ROM_AT = .

.data           0x1fffe000       0x60 load address 0x000013d0
                0x1fffe000                . = ALIGN (0x4)
                0x1fffe000                _sdata = .
 *(.data)
 *(.data*)
 .data.impure_data
                0x1fffe000       0x60 d:/kinetics design studio/toolchain/bin/../lib/gcc/arm-none-eabi/4.8.4/../../../../arm-none-eabi/lib/armv7e-m\libg_s.a(lib_a-impure.o)
                0x1fffe060                . = ALIGN (0x4)
                0x1fffe060                _edata = .
                0x00000060                ___data_size = (_edata - _sdata)
                0x00001430                ___m_data_20000000_ROMStart = (___ROM_AT + SIZEOF (.data))

.jcr            0x1fffe060        0x0 load address 0x00001430
 .jcr           0x1fffe060        0x0 d:/kinetics design studio/toolchain/bin/../lib/gcc/arm-none-eabi/4.8.4/armv7e-m/crtbegin.o

.igot.plt       0x1fffe060        0x0 load address 0x00001430
 .igot.plt      0x00000000        0x0 d:/kinetics design studio/toolchain/bin/../lib/gcc/arm-none-eabi/4.8.4/armv7e-m/crtbegin.o

.m_data_20000000
                0x20000000        0x0 load address 0x00001430
                0x20000000                . = ALIGN (0x4)
                0x20000000                ___m_data_20000000_RAMStart = .
 *(.m_data_20000000)
                0x20000000                ___m_data_20000000_RAMEnd = .
                0x20000000                . = ALIGN (0x4)
                0x00000000                ___m_data_20000000_ROMSize = (___m_data_20000000_RAMEnd - ___m_data_20000000_RAMStart)
                0x20000000                . = ALIGN (0x4)

.bss            0x1fffe060       0x84 load address 0x00001430
                0x1fffe060                __START_BSS = .
                0x1fffe060                PROVIDE (__bss_start__, __START_BSS)
 *(.bss)
 .bss           0x1fffe060       0x1c d:/kinetics design studio/toolchain/bin/../lib/gcc/arm-none-eabi/4.8.4/armv7e-m/crtbegin.o
 *(.bss*)
 .bss.SerFlag   0x1fffe07c        0x2 ./Generated_Code/AS1.o
 .bss.BufferRead
                0x1fffe07e        0x1 ./Generated_Code/AS1.o
 .bss.OutBuffer
                0x1fffe07f        0x1 ./Generated_Code/AS1.o
 .bss.DeviceDataPrv__DEFAULT_RTOS_ALLOC
                0x1fffe080       0x20 ./Generated_Code/ASerialLdd1.o
 .bss.DeviceDataPrv__DEFAULT_RTOS_ALLOC
                0x1fffe0a0        0x4 ./Generated_Code/BitIoLdd1.o
 .bss.DeviceDataPrv__DEFAULT_RTOS_ALLOC
                0x1fffe0a4        0x4 ./Generated_Code/BitIoLdd2.o
 .bss.PE_LDD_DeviceDataList
                0x1fffe0a8       0x18 ./Generated_Code/PE_LDD.o
                0x1fffe0a8                PE_LDD_DeviceDataList
 .bss.DeviceDataPrv__DEFAULT_RTOS_ALLOC
                0x1fffe0c0        0xc ./Generated_Code/PwmLdd1.o
 .bss.DeviceDataPrv__DEFAULT_RTOS_ALLOC
                0x1fffe0cc        0xc ./Generated_Code/PwmLdd2.o
 .bss.DeviceDataPrv__DEFAULT_RTOS_ALLOC
                0x1fffe0d8        0x8 ./Generated_Code/TU1.o
 *(COMMON)
 COMMON         0x1fffe0e0        0x4 ./Generated_Code/AS1.o
                0x1fffe0e0                ASerialLdd1_DeviceDataPtr
                0x1fffe0e4                . = ALIGN (0x4)
                0x1fffe0e4                __END_BSS = .
                0x1fffe0e4                PROVIDE (__bss_end__, __END_BSS)
                0x00001430                _romp_at = ((___ROM_AT + SIZEOF (.data)) + SIZEOF (.m_data_20000000))

.romp           0x1fffe0e4       0x24 load address 0x00001430
                0x00001430                __S_romp = _romp_at
                0x1fffe0e4        0x4 LONG 0x13d0 ___ROM_AT
                0x1fffe0e8        0x4 LONG 0x1fffe000 _sdata
                0x1fffe0ec        0x4 LONG 0x60 ___data_size
                0x1fffe0f0        0x4 LONG 0x1430 ___m_data_20000000_ROMStart
                0x1fffe0f4        0x4 LONG 0x20000000 ___m_data_20000000_RAMStart
                0x1fffe0f8        0x4 LONG 0x0 ___m_data_20000000_ROMSize
                0x1fffe0fc        0x4 LONG 0x0
                0x1fffe100        0x4 LONG 0x0
                0x1fffe104        0x4 LONG 0x0
                0x00020000                text_end = (ORIGIN (m_text) + 0x1fbf0)
                0x00001454                data_init_end = ((___m_data_20000000_ROMStart + SIZEOF (.m_data_20000000)) + SIZEOF (.romp))
                0x00000001                ASSERT ((data_init_end <= text_end), region m_text overflowed with text and data)

._user_heap_stack
                0x1fffe108      0x400 load address 0x00001454
                0x1fffe108                . = ALIGN (0x4)
                0x1fffe108                PROVIDE (end, .)
                0x1fffe108                PROVIDE (_end, .)
                0x1fffe108                PROVIDE (__end__, .)
                0x1fffe108                __heap_addr = .
                0x1fffe108                __HeapBase = .
                0x1fffe108                . = (. + __heap_size)
                0x1fffe108                __HeapLimit = .
                0x1fffe508                . = (. + __stack_size)
 *fill*         0x1fffe108      0x400 
                0x1fffe508                . = ALIGN (0x4)

.ARM.attributes
                0x00000000       0x2a
 *(.ARM.attributes)
 .ARM.attributes
                0x00000000       0x1e d:/kinetics design studio/toolchain/bin/../lib/gcc/arm-none-eabi/4.8.4/armv7e-m/crti.o
 .ARM.attributes
                0x0000001e       0x2e d:/kinetics design studio/toolchain/bin/../lib/gcc/arm-none-eabi/4.8.4/armv7e-m/crtbegin.o
 .ARM.attributes
                0x0000004c       0x1c d:/kinetics design studio/toolchain/bin/../lib/gcc/arm-none-eabi/4.8.4/../../../../arm-none-eabi/lib/armv7e-m/crt0.o
 .ARM.attributes
                0x00000068       0x33 ./Sources/Events.o
 .ARM.attributes
                0x0000009b       0x33 ./Sources/main.o
 .ARM.attributes
                0x000000ce       0x33 ./Project_Settings/Startup_Code/startup.o
 .ARM.attributes
                0x00000101       0x33 ./Generated_Code/AS1.o
 .ARM.attributes
                0x00000134       0x33 ./Generated_Code/ASerialLdd1.o
 .ARM.attributes
                0x00000167       0x33 ./Generated_Code/BitIoLdd1.o
 .ARM.attributes
                0x0000019a       0x33 ./Generated_Code/BitIoLdd2.o
 .ARM.attributes
                0x000001cd       0x33 ./Generated_Code/Cpu.o
 .ARM.attributes
                0x00000200       0x33 ./Generated_Code/PE_LDD.o
 .ARM.attributes
                0x00000233       0x33 ./Generated_Code/PwmLdd1.o
 .ARM.attributes
                0x00000266       0x33 ./Generated_Code/PwmLdd2.o
 .ARM.attributes
                0x00000299       0x33 ./Generated_Code/TU1.o
 .ARM.attributes
                0x000002cc       0x33 ./Generated_Code/Vectors.o
 .ARM.attributes
                0x000002ff       0x2e d:/kinetics design studio/toolchain/bin/../lib/gcc/arm-none-eabi/4.8.4/../../../../arm-none-eabi/lib/armv7e-m\libg_s.a(lib_a-exit.o)
 .ARM.attributes
                0x0000032d       0x2e d:/kinetics design studio/toolchain/bin/../lib/gcc/arm-none-eabi/4.8.4/../../../../arm-none-eabi/lib/armv7e-m\libg_s.a(lib_a-impure.o)
 .ARM.attributes
                0x0000035b       0x2e d:/kinetics design studio/toolchain/bin/../lib/gcc/arm-none-eabi/4.8.4/../../../../arm-none-eabi/lib/armv7e-m\libg_s.a(lib_a-init.o)
 .ARM.attributes
                0x00000389       0x2e d:/kinetics design studio/toolchain/bin/../lib/gcc/arm-none-eabi/4.8.4/../../../../arm-none-eabi/lib/armv7e-m\libg_s.a(lib_a-memset.o)
 .ARM.attributes
                0x000003b7       0x2e d:/kinetics design studio/toolchain/bin/../lib/gcc/arm-none-eabi/4.8.4/../../../../arm-none-eabi/lib/armv7e-m\libg_s.a(lib_a-strlen.o)
 .ARM.attributes
                0x000003e5       0x2e d:/kinetics design studio/toolchain/bin/../lib/gcc/arm-none-eabi/4.8.4/../../../../arm-none-eabi/lib/armv7e-m\libnosys.a(_exit.o)
 .ARM.attributes
                0x00000413       0x1e d:/kinetics design studio/toolchain/bin/../lib/gcc/arm-none-eabi/4.8.4/armv7e-m/crtn.o
OUTPUT(lab_5.1.elf elf32-littlearm)

.debug_info     0x00000000     0x3108
 .debug_info    0x00000000       0x96 ./Sources/Events.o
 .debug_info    0x00000096      0x16c ./Sources/main.o
 .debug_info    0x00000202      0x20a ./Project_Settings/Startup_Code/startup.o
 .debug_info    0x0000040c      0x222 ./Generated_Code/AS1.o
 .debug_info    0x0000062e      0x976 ./Generated_Code/ASerialLdd1.o
 .debug_info    0x00000fa4      0x2d7 ./Generated_Code/BitIoLdd1.o
 .debug_info    0x0000127b      0x377 ./Generated_Code/BitIoLdd2.o
 .debug_info    0x000015f2      0x9e9 ./Generated_Code/Cpu.o
 .debug_info    0x00001fdb      0x251 ./Generated_Code/PE_LDD.o
 .debug_info    0x0000222c      0x333 ./Generated_Code/PwmLdd1.o
 .debug_info    0x0000255f      0x333 ./Generated_Code/PwmLdd2.o
 .debug_info    0x00002892      0x768 ./Generated_Code/TU1.o
 .debug_info    0x00002ffa      0x10e ./Generated_Code/Vectors.o

.debug_abbrev   0x00000000      0xea1
 .debug_abbrev  0x00000000       0x45 ./Sources/Events.o
 .debug_abbrev  0x00000045       0xf3 ./Sources/main.o
 .debug_abbrev  0x00000138      0x11e ./Project_Settings/Startup_Code/startup.o
 .debug_abbrev  0x00000256      0x117 ./Generated_Code/AS1.o
 .debug_abbrev  0x0000036d      0x1c3 ./Generated_Code/ASerialLdd1.o
 .debug_abbrev  0x00000530      0x10d ./Generated_Code/BitIoLdd1.o
 .debug_abbrev  0x0000063d      0x15f ./Generated_Code/BitIoLdd2.o
 .debug_abbrev  0x0000079c      0x178 ./Generated_Code/Cpu.o
 .debug_abbrev  0x00000914      0x10d ./Generated_Code/PE_LDD.o
 .debug_abbrev  0x00000a21      0x122 ./Generated_Code/PwmLdd1.o
 .debug_abbrev  0x00000b43      0x122 ./Generated_Code/PwmLdd2.o
 .debug_abbrev  0x00000c65      0x198 ./Generated_Code/TU1.o
 .debug_abbrev  0x00000dfd       0xa4 ./Generated_Code/Vectors.o

.debug_aranges  0x00000000      0x318
 .debug_aranges
                0x00000000       0x20 ./Sources/Events.o
 .debug_aranges
                0x00000020       0x28 ./Sources/main.o
 .debug_aranges
                0x00000048       0x50 ./Project_Settings/Startup_Code/startup.o
 .debug_aranges
                0x00000098       0x50 ./Generated_Code/AS1.o
 .debug_aranges
                0x000000e8       0x60 ./Generated_Code/ASerialLdd1.o
 .debug_aranges
                0x00000148       0x28 ./Generated_Code/BitIoLdd1.o
 .debug_aranges
                0x00000170       0x48 ./Generated_Code/BitIoLdd2.o
 .debug_aranges
                0x000001b8       0x40 ./Generated_Code/Cpu.o
 .debug_aranges
                0x000001f8       0x30 ./Generated_Code/PE_LDD.o
 .debug_aranges
                0x00000228       0x48 ./Generated_Code/PwmLdd1.o
 .debug_aranges
                0x00000270       0x48 ./Generated_Code/PwmLdd2.o
 .debug_aranges
                0x000002b8       0x48 ./Generated_Code/TU1.o
 .debug_aranges
                0x00000300       0x18 ./Generated_Code/Vectors.o

.debug_ranges   0x00000000      0x240
 .debug_ranges  0x00000000       0x10 ./Sources/Events.o
 .debug_ranges  0x00000010       0x18 ./Sources/main.o
 .debug_ranges  0x00000028       0x40 ./Project_Settings/Startup_Code/startup.o
 .debug_ranges  0x00000068       0x40 ./Generated_Code/AS1.o
 .debug_ranges  0x000000a8       0x50 ./Generated_Code/ASerialLdd1.o
 .debug_ranges  0x000000f8       0x18 ./Generated_Code/BitIoLdd1.o
 .debug_ranges  0x00000110       0x38 ./Generated_Code/BitIoLdd2.o
 .debug_ranges  0x00000148       0x30 ./Generated_Code/Cpu.o
 .debug_ranges  0x00000178       0x20 ./Generated_Code/PE_LDD.o
 .debug_ranges  0x00000198       0x38 ./Generated_Code/PwmLdd1.o
 .debug_ranges  0x000001d0       0x38 ./Generated_Code/PwmLdd2.o
 .debug_ranges  0x00000208       0x38 ./Generated_Code/TU1.o

.debug_macro    0x00000000    0x18f04
 .debug_macro   0x00000000      0x171 ./Sources/Events.o
 .debug_macro   0x00000171      0x84a ./Sources/Events.o
 .debug_macro   0x000009bb       0x16 ./Sources/Events.o
 .debug_macro   0x000009d1       0x44 ./Sources/Events.o
 .debug_macro   0x00000a15      0x209 ./Sources/Events.o
 .debug_macro   0x00000c1e     0x1680 ./Sources/Events.o
 .debug_macro   0x0000229e      0x14e ./Sources/Events.o
 .debug_macro   0x000023ec       0x6a ./Sources/Events.o
 .debug_macro   0x00002456     0x9b9f ./Sources/Events.o
 .debug_macro   0x0000bff5       0x94 ./Sources/Events.o
 .debug_macro   0x0000c089       0x94 ./Sources/Events.o
 .debug_macro   0x0000c11d      0x12c ./Sources/Events.o
 .debug_macro   0x0000c249       0x2e ./Sources/Events.o
 .debug_macro   0x0000c277       0x4c ./Sources/Events.o
 .debug_macro   0x0000c2c3       0x26 ./Sources/Events.o
 .debug_macro   0x0000c2e9       0x65 ./Sources/Events.o
 .debug_macro   0x0000c34e       0x11 ./Sources/Events.o
 .debug_macro   0x0000c35f      0x6a6 ./Sources/Events.o
 .debug_macro   0x0000ca05       0x7b ./Sources/Events.o
 .debug_macro   0x0000ca80       0x3f ./Sources/Events.o
 .debug_macro   0x0000cabf       0x2c ./Sources/Events.o
 .debug_macro   0x0000caeb       0x45 ./Sources/Events.o
 .debug_macro   0x0000cb30       0x2c ./Sources/Events.o
 .debug_macro   0x0000cb5c      0x171 ./Sources/main.o
 .debug_macro   0x0000cccd      0x121 ./Project_Settings/Startup_Code/startup.o
 .debug_macro   0x0000cdee       0x58 ./Project_Settings/Startup_Code/startup.o
 .debug_macro   0x0000ce46       0x35 ./Project_Settings/Startup_Code/startup.o
 .debug_macro   0x0000ce7b       0xa3 ./Project_Settings/Startup_Code/startup.o
 .debug_macro   0x0000cf1e      0x166 ./Project_Settings/Startup_Code/startup.o
 .debug_macro   0x0000d084       0x4a ./Project_Settings/Startup_Code/startup.o
 .debug_macro   0x0000d0ce       0x52 ./Project_Settings/Startup_Code/startup.o
 .debug_macro   0x0000d120       0x16 ./Project_Settings/Startup_Code/startup.o
 .debug_macro   0x0000d136       0x43 ./Project_Settings/Startup_Code/startup.o
 .debug_macro   0x0000d179      0x180 ./Project_Settings/Startup_Code/startup.o
 .debug_macro   0x0000d2f9      0x2a6 ./Project_Settings/Startup_Code/startup.o
 .debug_macro   0x0000d59f       0x10 ./Project_Settings/Startup_Code/startup.o
 .debug_macro   0x0000d5af       0x35 ./Project_Settings/Startup_Code/startup.o
 .debug_macro   0x0000d5e4       0x16 ./Project_Settings/Startup_Code/startup.o
 .debug_macro   0x0000d5fa       0x22 ./Project_Settings/Startup_Code/startup.o
 .debug_macro   0x0000d61c       0x10 ./Project_Settings/Startup_Code/startup.o
 .debug_macro   0x0000d62c      0x20f ./Project_Settings/Startup_Code/startup.o
 .debug_macro   0x0000d83b     0x9b93 ./Project_Settings/Startup_Code/startup.o
 .debug_macro   0x000173ce       0xdf ./Generated_Code/AS1.o
 .debug_macro   0x000174ad       0x5f ./Generated_Code/AS1.o
 .debug_macro   0x0001750c       0xc5 ./Generated_Code/ASerialLdd1.o
 .debug_macro   0x000175d1       0x17 ./Generated_Code/ASerialLdd1.o
 .debug_macro   0x000175e8      0x7ab ./Generated_Code/ASerialLdd1.o
 .debug_macro   0x00017d93      0x9b1 ./Generated_Code/ASerialLdd1.o
 .debug_macro   0x00018744       0xa6 ./Generated_Code/BitIoLdd1.o
 .debug_macro   0x000187ea       0xa6 ./Generated_Code/BitIoLdd2.o
 .debug_macro   0x00018890      0x181 ./Generated_Code/Cpu.o
 .debug_macro   0x00018a11      0x13f ./Generated_Code/PE_LDD.o
 .debug_macro   0x00018b50       0xbd ./Generated_Code/PwmLdd1.o
 .debug_macro   0x00018c0d       0xbd ./Generated_Code/PwmLdd2.o
 .debug_macro   0x00018cca       0xb9 ./Generated_Code/TU1.o
 .debug_macro   0x00018d83      0x181 ./Generated_Code/Vectors.o

.debug_line     0x00000000     0x301c
 .debug_line    0x00000000      0x3b0 ./Sources/Events.o
 .debug_line    0x000003b0      0x406 ./Sources/main.o
 .debug_line    0x000007b6      0x42d ./Project_Settings/Startup_Code/startup.o
 .debug_line    0x00000be3      0x2cf ./Generated_Code/AS1.o
 .debug_line    0x00000eb2      0x3cb ./Generated_Code/ASerialLdd1.o
 .debug_line    0x0000127d      0x2de ./Generated_Code/BitIoLdd1.o
 .debug_line    0x0000155b      0x329 ./Generated_Code/BitIoLdd2.o
 .debug_line    0x00001884      0x549 ./Generated_Code/Cpu.o
 .debug_line    0x00001dcd      0x392 ./Generated_Code/PE_LDD.o
 .debug_line    0x0000215f      0x348 ./Generated_Code/PwmLdd1.o
 .debug_line    0x000024a7      0x348 ./Generated_Code/PwmLdd2.o
 .debug_line    0x000027ef      0x36a ./Generated_Code/TU1.o
 .debug_line    0x00002b59      0x4c3 ./Generated_Code/Vectors.o

.debug_str      0x00000000    0x5ad33
 .debug_str     0x00000000    0x4950f ./Sources/Events.o
                              0x4965f (size before relaxing)
 .debug_str     0x0004950f       0x60 ./Sources/main.o
                              0x4969e (size before relaxing)
 .debug_str     0x0004956f     0x25f6 ./Project_Settings/Startup_Code/startup.o
                              0x3a1f8 (size before relaxing)
 .debug_str     0x0004bb65      0x1cb ./Generated_Code/AS1.o
                              0x3f1a7 (size before relaxing)
 .debug_str     0x0004bd30     0xe6a7 ./Generated_Code/ASerialLdd1.o
                              0x4dc3c (size before relaxing)
 .debug_str     0x0005a3d7       0xb4 ./Generated_Code/BitIoLdd1.o
                              0x3fdd7 (size before relaxing)
 .debug_str     0x0005a48b       0xb1 ./Generated_Code/BitIoLdd2.o
                              0x3fe9f (size before relaxing)
 .debug_str     0x0005a53c      0x293 ./Generated_Code/Cpu.o
                              0x49a1c (size before relaxing)
 .debug_str     0x0005a7cf      0x17e ./Generated_Code/PE_LDD.o
                              0x49814 (size before relaxing)
 .debug_str     0x0005a94d       0xef ./Generated_Code/PwmLdd1.o
                              0x484d4 (size before relaxing)
 .debug_str     0x0005aa3c       0x86 ./Generated_Code/PwmLdd2.o
                              0x484d4 (size before relaxing)
 .debug_str     0x0005aac2      0x255 ./Generated_Code/TU1.o
                              0x485c9 (size before relaxing)
 .debug_str     0x0005ad17       0x1c ./Generated_Code/Vectors.o
                              0x496a7 (size before relaxing)

.comment        0x00000000       0x70
 .comment       0x00000000       0x70 ./Sources/Events.o
                                 0x71 (size before relaxing)
 .comment       0x00000000       0x71 ./Sources/main.o
 .comment       0x00000000       0x71 ./Project_Settings/Startup_Code/startup.o
 .comment       0x00000000       0x71 ./Generated_Code/AS1.o
 .comment       0x00000000       0x71 ./Generated_Code/ASerialLdd1.o
 .comment       0x00000000       0x71 ./Generated_Code/BitIoLdd1.o
 .comment       0x00000000       0x71 ./Generated_Code/BitIoLdd2.o
 .comment       0x00000000       0x71 ./Generated_Code/Cpu.o
 .comment       0x00000000       0x71 ./Generated_Code/PE_LDD.o
 .comment       0x00000000       0x71 ./Generated_Code/PwmLdd1.o
 .comment       0x00000000       0x71 ./Generated_Code/PwmLdd2.o
 .comment       0x00000000       0x71 ./Generated_Code/TU1.o
 .comment       0x00000000       0x71 ./Generated_Code/Vectors.o

.debug_frame    0x00000000      0x848
 .debug_frame   0x00000000       0x28 ./Sources/Events.o
 .debug_frame   0x00000028       0x50 ./Sources/main.o
 .debug_frame   0x00000078       0xc0 ./Project_Settings/Startup_Code/startup.o
 .debug_frame   0x00000138       0xdc ./Generated_Code/AS1.o
 .debug_frame   0x00000214      0x11c ./Generated_Code/ASerialLdd1.o
 .debug_frame   0x00000330       0x48 ./Generated_Code/BitIoLdd1.o
 .debug_frame   0x00000378       0xb8 ./Generated_Code/BitIoLdd2.o
 .debug_frame   0x00000430       0xa4 ./Generated_Code/Cpu.o
 .debug_frame   0x000004d4       0x64 ./Generated_Code/PE_LDD.o
 .debug_frame   0x00000538       0xd0 ./Generated_Code/PwmLdd1.o
 .debug_frame   0x00000608       0xd0 ./Generated_Code/PwmLdd2.o
 .debug_frame   0x000006d8       0xbc ./Generated_Code/TU1.o
 .debug_frame   0x00000794       0x28 d:/kinetics design studio/toolchain/bin/../lib/gcc/arm-none-eabi/4.8.4/../../../../arm-none-eabi/lib/armv7e-m\libg_s.a(lib_a-exit.o)
 .debug_frame   0x000007bc       0x2c d:/kinetics design studio/toolchain/bin/../lib/gcc/arm-none-eabi/4.8.4/../../../../arm-none-eabi/lib/armv7e-m\libg_s.a(lib_a-init.o)
 .debug_frame   0x000007e8       0x20 d:/kinetics design studio/toolchain/bin/../lib/gcc/arm-none-eabi/4.8.4/../../../../arm-none-eabi/lib/armv7e-m\libg_s.a(lib_a-memset.o)
 .debug_frame   0x00000808       0x20 d:/kinetics design studio/toolchain/bin/../lib/gcc/arm-none-eabi/4.8.4/../../../../arm-none-eabi/lib/armv7e-m\libg_s.a(lib_a-strlen.o)
 .debug_frame   0x00000828       0x20 d:/kinetics design studio/toolchain/bin/../lib/gcc/arm-none-eabi/4.8.4/../../../../arm-none-eabi/lib/armv7e-m\libnosys.a(_exit.o)
